
Optional file libmchp_peripheral.a not found

Optional file libmchp_peripheral_32MX470F512H.a not found
Archive member included to satisfy reference by file (symbol)

c:/program files/microchip/xc32/v4.10/bin/bin/../../lib/gcc/pic32mx/8.3.1/../../../../pic32mx/lib\libpic32.a(memcpy.o)
                              build/default/production/_ext/404212886/queue.o (memcpy)
c:/program files/microchip/xc32/v4.10/bin/bin/../../lib/gcc/pic32mx/8.3.1/../../../../pic32mx/lib\libpic32.a(memset.o)
                              build/default/production/_ext/404212886/FreeRTOS_tasks.o (memset)
c:/program files/microchip/xc32/v4.10/bin/bin/../../lib/gcc/pic32mx/8.3.1/../../../../pic32mx/lib\libpic32.a(default-on-reset.o)
                              C:\Users\david\AppData\Local\Temp\ccu75MdC.o (_on_reset)
c:/program files/microchip/xc32/v4.10/bin/bin/../../lib/gcc/pic32mx/8.3.1/../../../../pic32mx/lib\libpic32.a(default-on-bootstrap.o)
                              C:\Users\david\AppData\Local\Temp\ccu75MdC.o (_on_bootstrap)
c:/program files/microchip/xc32/v4.10/bin/bin/../../lib/gcc/pic32mx/8.3.1/../../../../pic32mx/lib\libpic32.a(default-nmi-handler.o)
                              C:\Users\david\AppData\Local\Temp\ccu75MdC.o (_nmi_handler)
c:/program files/microchip/xc32/v4.10/bin/bin/../../lib/gcc/pic32mx/8.3.1/../../../../pic32mx/lib\libpic32.a(pic32_data_init.o)
                              C:\Users\david\AppData\Local\Temp\ccu75MdC.o (__pic32_data_init)
c:/program files/microchip/xc32/v4.10/bin/bin/../../lib/gcc/pic32mx/8.3.1/../../../../pic32mx/lib\libpic32.a(general-exception.o)
                              C:\Users\david\AppData\Local\Temp\ccu75MdC.o (_general_exception_context)
c:/program files/microchip/xc32/v4.10/bin/bin/../../lib/gcc/pic32mx/8.3.1/../../../../pic32mx/lib\libpic32.a(vector0.o)
                              C:\Users\david\AppData\Local\Temp\ccILtUNX.o (__vector_dispatch_0)
c:/program files/microchip/xc32/v4.10/bin/bin/../../lib/gcc/pic32mx/8.3.1/../../../../pic32mx/lib\libpic32.a(vector2.o)
                              C:\Users\david\AppData\Local\Temp\ccILtUNX.o (__vector_dispatch_2)
c:/program files/microchip/xc32/v4.10/bin/bin/../../lib/gcc/pic32mx/8.3.1/../../../../pic32mx/lib\libpic32.a(vector3.o)
                              C:\Users\david\AppData\Local\Temp\ccILtUNX.o (__vector_dispatch_3)
c:/program files/microchip/xc32/v4.10/bin/bin/../../lib/gcc/pic32mx/8.3.1/../../../../pic32mx/lib\libpic32.a(vector5.o)
                              C:\Users\david\AppData\Local\Temp\ccILtUNX.o (__vector_dispatch_5)
c:/program files/microchip/xc32/v4.10/bin/bin/../../lib/gcc/pic32mx/8.3.1/../../../../pic32mx/lib\libpic32.a(vector6.o)
                              C:\Users\david\AppData\Local\Temp\ccILtUNX.o (__vector_dispatch_6)
c:/program files/microchip/xc32/v4.10/bin/bin/../../lib/gcc/pic32mx/8.3.1/../../../../pic32mx/lib\libpic32.a(vector7.o)
                              C:\Users\david\AppData\Local\Temp\ccILtUNX.o (__vector_dispatch_7)
c:/program files/microchip/xc32/v4.10/bin/bin/../../lib/gcc/pic32mx/8.3.1/../../../../pic32mx/lib\libpic32.a(vector8.o)
                              C:\Users\david\AppData\Local\Temp\ccILtUNX.o (__vector_dispatch_8)
c:/program files/microchip/xc32/v4.10/bin/bin/../../lib/gcc/pic32mx/8.3.1/../../../../pic32mx/lib\libpic32.a(vector9.o)
                              C:\Users\david\AppData\Local\Temp\ccILtUNX.o (__vector_dispatch_9)
c:/program files/microchip/xc32/v4.10/bin/bin/../../lib/gcc/pic32mx/8.3.1/../../../../pic32mx/lib\libpic32.a(vector10.o)
                              C:\Users\david\AppData\Local\Temp\ccILtUNX.o (__vector_dispatch_10)
c:/program files/microchip/xc32/v4.10/bin/bin/../../lib/gcc/pic32mx/8.3.1/../../../../pic32mx/lib\libpic32.a(vector11.o)
                              C:\Users\david\AppData\Local\Temp\ccILtUNX.o (__vector_dispatch_11)
c:/program files/microchip/xc32/v4.10/bin/bin/../../lib/gcc/pic32mx/8.3.1/../../../../pic32mx/lib\libpic32.a(vector12.o)
                              C:\Users\david\AppData\Local\Temp\ccILtUNX.o (__vector_dispatch_12)
c:/program files/microchip/xc32/v4.10/bin/bin/../../lib/gcc/pic32mx/8.3.1/../../../../pic32mx/lib\libpic32.a(vector13.o)
                              C:\Users\david\AppData\Local\Temp\ccILtUNX.o (__vector_dispatch_13)
c:/program files/microchip/xc32/v4.10/bin/bin/../../lib/gcc/pic32mx/8.3.1/../../../../pic32mx/lib\libpic32.a(vector14.o)
                              C:\Users\david\AppData\Local\Temp\ccILtUNX.o (__vector_dispatch_14)
c:/program files/microchip/xc32/v4.10/bin/bin/../../lib/gcc/pic32mx/8.3.1/../../../../pic32mx/lib\libpic32.a(vector15.o)
                              C:\Users\david\AppData\Local\Temp\ccILtUNX.o (__vector_dispatch_15)
c:/program files/microchip/xc32/v4.10/bin/bin/../../lib/gcc/pic32mx/8.3.1/../../../../pic32mx/lib\libpic32.a(vector16.o)
                              C:\Users\david\AppData\Local\Temp\ccILtUNX.o (__vector_dispatch_16)
[...]
Memory Configuration

Name             Origin             Length             Attributes
kseg0_program_mem 0x000000009d000000 0x0000000000080000 xr
kseg0_boot_mem   0x000000009fc00490 0x0000000000000970
exception_mem    0x000000009fc01000 0x0000000000001000
kseg1_boot_mem   0x00000000bfc00000 0x0000000000000490
debug_exec_mem   0x00000000bfc02000 0x0000000000000ff0
config3          0x00000000bfc02ff0 0x0000000000000004
config2          0x00000000bfc02ff4 0x0000000000000004
config1          0x00000000bfc02ff8 0x0000000000000004
config0          0x00000000bfc02ffc 0x0000000000000004
kseg1_data_mem   0x00000000a0000000 0x0000000000020000 w !x
sfrs             0x00000000bf800000 0x0000000000100000
configsfrs       0x00000000bfc02ff0 0x0000000000000010
*default*        0x0000000000000000 0xffffffffffffffff

Linker script and memory map

LOAD c:/program files/microchip/xc32/v4.10/bin/bin/../../lib/gcc/pic32mx/8.3.1/../../../../pic32mx/lib\debug-exception-return.o
LOAD build/default/production/_ext/60165520/plib_clk.o
LOAD build/default/production/_ext/1865200349/plib_evic.o
LOAD build/default/production/_ext/1865254177/plib_gpio.o
LOAD build/default/production/_ext/298189674/plib_spi1_master.o
LOAD build/default/production/_ext/298189674/plib_spi2_master.o
LOAD build/default/production/_ext/163028504/xc32_monitor.o
LOAD build/default/production/_ext/1171490990/initialization.o
LOAD build/default/production/_ext/1171490990/interrupts.o
LOAD build/default/production/_ext/1171490990/exceptions.o
LOAD build/default/production/_ext/1171490990/interrupts_a.o
LOAD build/default/production/_ext/1171490990/freertos_hooks.o
LOAD build/default/production/_ext/1665200909/heap_1.o
LOAD build/default/production/_ext/951553248/port.o
LOAD build/default/production/_ext/951553248/port_asm.o
LOAD build/default/production/_ext/404212886/croutine.o
LOAD build/default/production/_ext/404212886/list.o
LOAD build/default/production/_ext/404212886/queue.o
LOAD build/default/production/_ext/404212886/FreeRTOS_tasks.o
LOAD build/default/production/_ext/404212886/timers.o
LOAD build/default/production/_ext/404212886/event_groups.o
LOAD build/default/production/_ext/404212886/stream_buffer.o
LOAD build/default/production/_ext/1360937237/main.o
LOAD build/default/production/_ext/1360937237/task1_ADC_cmd.o
LOAD build/default/production/_ext/1360937237/tasks.o
                0x0000000000000001                __MPLAB_BUILD = 0x1
                0x0000000000000400                PROVIDE (_min_stack_size = 0x400)
START GROUP
LOAD libmchp_peripheral.a
END GROUP
START GROUP
LOAD libmchp_peripheral_32MX470F512H.a
END GROUP
                0x0000000000000001                PROVIDE (_vector_spacing = 0x1)
                0x000000009fc01000                PROVIDE (_ebase_address = 0x9fc01000)
                0x00000000bfc00000                _RESET_ADDR = 0xbfc00000
                0x00000000bfc00380                _BEV_EXCPT_ADDR = 0xbfc00380
                0x00000000bfc00480                _DBG_EXCPT_ADDR = 0xbfc00480
                0x00000000bfc02000                _DBG_CODE_ADDR = 0xbfc02000
                0x0000000000000ff0                _DBG_CODE_SIZE = 0xff0
                0x000000009fc01180                _GEN_EXCPT_ADDR = (_ebase_address + 0x180)

.config_BFC02FF0
                0x00000000bfc02ff0        0x4
 *(.config_BFC02FF0)
 .config_BFC02FF0
                0x00000000bfc02ff0        0x4 build/default/production/_ext/1171490990/initialization.o
                0x00000000bfc02ff0                __config_BFC02FF0

.config_BFC02FF4
                0x00000000bfc02ff4        0x4
 *(.config_BFC02FF4)
 .config_BFC02FF4
                0x00000000bfc02ff4        0x4 build/default/production/_ext/1171490990/initialization.o
                0x00000000bfc02ff4                __config_BFC02FF4

.config_BFC02FF8
                0x00000000bfc02ff8        0x4
 *(.config_BFC02FF8)
 .config_BFC02FF8
                0x00000000bfc02ff8        0x4 build/default/production/_ext/1171490990/initialization.o
                0x00000000bfc02ff8                __config_BFC02FF8

.config_BFC02FFC
                0x00000000bfc02ffc        0x4
 *(.config_BFC02FFC)
 .config_BFC02FFC
                0x00000000bfc02ffc        0x4 build/default/production/_ext/1171490990/initialization.o
                0x00000000bfc02ffc                __config_BFC02FFC

.reset          0x00000000bfc00000      0x19c
 *(.reset)
 .reset         0x00000000bfc00000        0x8 C:\Users\david\AppData\Local\Temp\ccu75MdC.o
                0x00000000bfc00000                _reset
 *(.reset.startup)
 .reset.startup
                0x00000000bfc00008      0x194 C:\Users\david\AppData\Local\Temp\ccu75MdC.o
                0x00000000bfc00008                _startup

.bev_excpt      0x00000000bfc00380       0x10
 *(.bev_handler)
 .bev_handler   0x00000000bfc00380       0x10 C:\Users\david\AppData\Local\Temp\ccu75MdC.o

.dbg_excpt      0x00000000bfc00480        0x0
                0x00000000bfc00480                . = (. + DEFINED (_DEBUGGER)?0x8:0x0)

.dbg_code       0x00000000bfc02000        0x0
                0x00000000bfc02000                . = (. + DEFINED (_DEBUGGER)?_DBG_CODE_SIZE:0x0)

.app_excpt      0x000000009fc01180       0x10
 *(.gen_handler)
 .gen_handler   0x000000009fc01180       0x10 C:\Users\david\AppData\Local\Temp\ccu75MdC.o

.vector_0       0x000000009fc01200        0x8
 *(.vector_0)
 .vector_0      0x000000009fc01200        0x8 c:/program files/microchip/xc32/v4.10/bin/bin/../../lib/gcc/pic32mx/8.3.1/../../../../pic32mx/lib\libpic32.a(vector0.o)
                0x000000009fc01200                __vector_dispatch_0
                0x0000000000000001                ASSERT (((_vector_spacing == 0x0) || (SIZEOF (.vector_0) <= (_vector_spacing << 0x5))), function at exception vector 0 too large)

.vector_1       0x000000009fc01220        0x8
 *(.vector_1)
 .vector_1      0x000000009fc01220        0x8 build/default/production/_ext/951553248/port.o
                0x000000009fc01220                __vector_dispatch_1
                0x0000000000000001                ASSERT (((_vector_spacing == 0x0) || (SIZEOF (.vector_1) <= (_vector_spacing << 0x5))), function at exception vector 1 too large)

.vector_2       0x000000009fc01240        0x8
 *(.vector_2)
 .vector_2      0x000000009fc01240        0x8 c:/program files/microchip/xc32/v4.10/bin/bin/../../lib/gcc/pic32mx/8.3.1/../../../../pic32mx/lib\libpic32.a(vector2.o)
                0x000000009fc01240                __vector_dispatch_2
                0x0000000000000001                ASSERT (((_vector_spacing == 0x0) || (SIZEOF (.vector_2) <= (_vector_spacing << 0x5))), function at exception vector 2 too large)

.vector_3       0x000000009fc01260        0x8
 *(.vector_3)
 .vector_3      0x000000009fc01260        0x8 c:/program files/microchip/xc32/v4.10/bin/bin/../../lib/gcc/pic32mx/8.3.1/../../../../pic32mx/lib\libpic32.a(vector3.o)
                0x000000009fc01260                __vector_dispatch_3
                0x0000000000000001                ASSERT (((_vector_spacing == 0x0) || (SIZEOF (.vector_3) <= (_vector_spacing << 0x5))), function at exception vector 3 too large)

.vector_4       0x000000009fc01280        0x8
 *(.vector_4)
 .vector_4      0x000000009fc01280        0x8 build/default/production/_ext/951553248/port.o
                0x000000009fc01280                __vector_dispatch_4
                0x0000000000000001                ASSERT (((_vector_spacing == 0x0) || (SIZEOF (.vector_4) <= (_vector_spacing << 0x5))), function at exception vector 4 too large)

.vector_5       0x000000009fc012a0        0x8
 *(.vector_5)
 .vector_5      0x000000009fc012a0        0x8 c:/program files/microchip/xc32/v4.10/bin/bin/../../lib/gcc/pic32mx/8.3.1/../../../../pic32mx/lib\libpic32.a(vector5.o)
                0x000000009fc012a0                __vector_dispatch_5
                0x0000000000000001                ASSERT (((_vector_spacing == 0x0) || (SIZEOF (.vector_5) <= (_vector_spacing << 0x5))), function at exception vector 5 too large)

.vector_6       0x000000009fc012c0        0x8
 *(.vector_6)
 .vector_6      0x000000009fc012c0        0x8 c:/program files/microchip/xc32/v4.10/bin/bin/../../lib/gcc/pic32mx/8.3.1/../../../../pic32mx/lib\libpic32.a(vector6.o)
                0x000000009fc012c0                __vector_dispatch_6
                0x0000000000000001                ASSERT (((_vector_spacing == 0x0) || (SIZEOF (.vector_6) <= (_vector_spacing << 0x5))), function at exception vector 6 too large)

.vector_7       0x000000009fc012e0        0x8
 *(.vector_7)
 .vector_7      0x000000009fc012e0        0x8 c:/program files/microchip/xc32/v4.10/bin/bin/../../lib/gcc/pic32mx/8.3.1/../../../../pic32mx/lib\libpic32.a(vector7.o)
                0x000000009fc012e0                __vector_dispatch_7
                0x0000000000000001                ASSERT (((_vector_spacing == 0x0) || (SIZEOF (.vector_7) <= (_vector_spacing << 0x5))), function at exception vector 7 too large)

.vector_8       0x000000009fc01300        0x8
 *(.vector_8)
 .vector_8      0x000000009fc01300        0x8 c:/program files/microchip/xc32/v4.10/bin/bin/../../lib/gcc/pic32mx/8.3.1/../../../../pic32mx/lib\libpic32.a(vector8.o)
                0x000000009fc01300                __vector_dispatch_8
                0x0000000000000001                ASSERT (((_vector_spacing == 0x0) || (SIZEOF (.vector_8) <= (_vector_spacing << 0x5))), function at exception vector 8 too large)

.vector_9       0x000000009fc01320        0x8
 *(.vector_9)
 .vector_9      0x000000009fc01320        0x8 c:/program files/microchip/xc32/v4.10/bin/bin/../../lib/gcc/pic32mx/8.3.1/../../../../pic32mx/lib\libpic32.a(vector9.o)
                0x000000009fc01320                __vector_dispatch_9
                0x0000000000000001                ASSERT (((_vector_spacing == 0x0) || (SIZEOF (.vector_9) <= (_vector_spacing << 0x5))), function at exception vector 9 too large)

.vector_10      0x000000009fc01340        0x8
 *(.vector_10)
 .vector_10     0x000000009fc01340        0x8 c:/program files/microchip/xc32/v4.10/bin/bin/../../lib/gcc/pic32mx/8.3.1/../../../../pic32mx/lib\libpic32.a(vector10.o)
                0x000000009fc01340                __vector_dispatch_10
                0x0000000000000001                ASSERT (((_vector_spacing == 0x0) || (SIZEOF (.vector_10) <= (_vector_spacing << 0x5))), function at exception vector 10 too large)

.vector_11      0x000000009fc01360        0x8
 *(.vector_11)
 .vector_11     0x000000009fc01360        0x8 c:/program files/microchip/xc32/v4.10/bin/bin/../../lib/gcc/pic32mx/8.3.1/../../../../pic32mx/lib\libpic32.a(vector11.o)
                0x000000009fc01360                __vector_dispatch_11
                0x0000000000000001                ASSERT (((_vector_spacing == 0x0) || (SIZEOF (.vector_11) <= (_vector_spacing << 0x5))), function at exception vector 11 too large)

.vector_12      0x000000009fc01380        0x8
 *(.vector_12)
 .vector_12     0x000000009fc01380        0x8 c:/program files/microchip/xc32/v4.10/bin/bin/../../lib/gcc/pic32mx/8.3.1/../../../../pic32mx/lib\libpic32.a(vector12.o)
                0x000000009fc01380                __vector_dispatch_12
                0x0000000000000001                ASSERT (((_vector_spacing == 0x0) || (SIZEOF (.vector_12) <= (_vector_spacing << 0x5))), function at exception vector 12 too large)

.vector_13      0x000000009fc013a0        0x8
 *(.vector_13)
 .vector_13     0x000000009fc013a0        0x8 c:/program files/microchip/xc32/v4.10/bin/bin/../../lib/gcc/pic32mx/8.3.1/../../../../pic32mx/lib\libpic32.a(vector13.o)
                0x000000009fc013a0                __vector_dispatch_13
                0x0000000000000001                ASSERT (((_vector_spacing == 0x0) || (SIZEOF (.vector_13) <= (_vector_spacing << 0x5))), function at exception vector 13 too large)

.vector_14      0x000000009fc013c0        0x8
 *(.vector_14)
 .vector_14     0x000000009fc013c0        0x8 c:/program files/microchip/xc32/v4.10/bin/bin/../../lib/gcc/pic32mx/8.3.1/../../../../pic32mx/lib\libpic32.a(vector14.o)
                0x000000009fc013c0                __vector_dispatch_14
                0x0000000000000001                ASSERT (((_vector_spacing == 0x0) || (SIZEOF (.vector_14) <= (_vector_spacing << 0x5))), function at exception vector 14 too large)

.vector_15      0x000000009fc013e0        0x8
 *(.vector_15)
 .vector_15     0x000000009fc013e0        0x8 c:/program files/microchip/xc32/v4.10/bin/bin/../../lib/gcc/pic32mx/8.3.1/../../../../pic32mx/lib\libpic32.a(vector15.o)
                0x000000009fc013e0                __vector_dispatch_15
                0x0000000000000001                ASSERT (((_vector_spacing == 0x0) || (SIZEOF (.vector_15) <= (_vector_spacing << 0x5))), function at exception vector 15 too large)

.vector_16      0x000000009fc01400        0x8
 *(.vector_16)
 .vector_16     0x000000009fc01400        0x8 c:/program files/microchip/xc32/v4.10/bin/bin/../../lib/gcc/pic32mx/8.3.1/../../../../pic32mx/lib\libpic32.a(vector16.o)
                0x000000009fc01400                __vector_dispatch_16
                0x0000000000000001                ASSERT (((_vector_spacing == 0x0) || (SIZEOF (.vector_16) <= (_vector_spacing << 0x5))), function at exception vector 16 too large)

.vector_17      0x000000009fc01420        0x8
 *(.vector_17)
 .vector_17     0x000000009fc01420        0x8 c:/program files/microchip/xc32/v4.10/bin/bin/../../lib/gcc/pic32mx/8.3.1/../../../../pic32mx/lib\libpic32.a(vector17.o)
                0x000000009fc01420                __vector_dispatch_17
                0x0000000000000001                ASSERT (((_vector_spacing == 0x0) || (SIZEOF (.vector_17) <= (_vector_spacing << 0x5))), function at exception vector 17 too large)

.vector_18      0x000000009fc01440        0x8
 *(.vector_18)
 .vector_18     0x000000009fc01440        0x8 c:/program files/microchip/xc32/v4.10/bin/bin/../../lib/gcc/pic32mx/8.3.1/../../../../pic32mx/lib\libpic32.a(vector18.o)
                0x000000009fc01440                __vector_dispatch_18
                0x0000000000000001                ASSERT (((_vector_spacing == 0x0) || (SIZEOF (.vector_18) <= (_vector_spacing << 0x5))), function at exception vector 18 too large)

.vector_19      0x000000009fc01460        0x8
 *(.vector_19)
 .vector_19     0x000000009fc01460        0x8 c:/program files/microchip/xc32/v4.10/bin/bin/../../lib/gcc/pic32mx/8.3.1/../../../../pic32mx/lib\libpic32.a(vector19.o)
                0x000000009fc01460                __vector_dispatch_19
                0x0000000000000001                ASSERT (((_vector_spacing == 0x0) || (SIZEOF (.vector_19) <= (_vector_spacing << 0x5))), function at exception vector 19 too large)

.vector_20      0x000000009fc01480        0x8
 *(.vector_20)
 .vector_20     0x000000009fc01480        0x8 c:/program files/microchip/xc32/v4.10/bin/bin/../../lib/gcc/pic32mx/8.3.1/../../../../pic32mx/lib\libpic32.a(vector20.o)
                0x000000009fc01480                __vector_dispatch_20
                0x0000000000000001                ASSERT (((_vector_spacing == 0x0) || (SIZEOF (.vector_20) <= (_vector_spacing << 0x5))), function at exception vector 20 too large)

.vector_21      0x000000009fc014a0        0x8
 *(.vector_21)
 .vector_21     0x000000009fc014a0        0x8 c:/program files/microchip/xc32/v4.10/bin/bin/../../lib/gcc/pic32mx/8.3.1/../../../../pic32mx/lib\libpic32.a(vector21.o)
                0x000000009fc014a0                __vector_dispatch_21
                0x0000000000000001                ASSERT (((_vector_spacing == 0x0) || (SIZEOF (.vector_21) <= (_vector_spacing << 0x5))), function at exception vector 21 too large)

.vector_22      0x000000009fc014c0        0x8
 *(.vector_22)
 .vector_22     0x000000009fc014c0        0x8 c:/program files/microchip/xc32/v4.10/bin/bin/../../lib/gcc/pic32mx/8.3.1/../../../../pic32mx/lib\libpic32.a(vector22.o)
                0x000000009fc014c0                __vector_dispatch_22
                0x0000000000000001                ASSERT (((_vector_spacing == 0x0) || (SIZEOF (.vector_22) <= (_vector_spacing << 0x5))), function at exception vector 22 too large)

.vector_23      0x000000009fc014e0        0x8
 *(.vector_23)
 .vector_23     0x000000009fc014e0        0x8 c:/program files/microchip/xc32/v4.10/bin/bin/../../lib/gcc/pic32mx/8.3.1/../../../../pic32mx/lib\libpic32.a(vector23.o)
                0x000000009fc014e0                __vector_dispatch_23
                0x0000000000000001                ASSERT (((_vector_spacing == 0x0) || (SIZEOF (.vector_23) <= (_vector_spacing << 0x5))), function at exception vector 23 too large)

.vector_24      0x000000009fc01500        0x8
 *(.vector_24)
 .vector_24     0x000000009fc01500        0x8 c:/program files/microchip/xc32/v4.10/bin/bin/../../lib/gcc/pic32mx/8.3.1/../../../../pic32mx/lib\libpic32.a(vector24.o)
                0x000000009fc01500                __vector_dispatch_24
                0x0000000000000001                ASSERT (((_vector_spacing == 0x0) || (SIZEOF (.vector_24) <= (_vector_spacing << 0x5))), function at exception vector 24 too large)

.vector_25      0x000000009fc01520        0x8
 *(.vector_25)
 .vector_25     0x000000009fc01520        0x8 c:/program files/microchip/xc32/v4.10/bin/bin/../../lib/gcc/pic32mx/8.3.1/../../../../pic32mx/lib\libpic32.a(vector25.o)
                0x000000009fc01520                __vector_dispatch_25
                0x0000000000000001                ASSERT (((_vector_spacing == 0x0) || (SIZEOF (.vector_25) <= (_vector_spacing << 0x5))), function at exception vector 25 too large)

.vector_26      0x000000009fc01540        0x8
 *(.vector_26)
 .vector_26     0x000000009fc01540        0x8 c:/program files/microchip/xc32/v4.10/bin/bin/../../lib/gcc/pic32mx/8.3.1/../../../../pic32mx/lib\libpic32.a(vector26.o)
                0x000000009fc01540                __vector_dispatch_26
                0x0000000000000001                ASSERT (((_vector_spacing == 0x0) || (SIZEOF (.vector_26) <= (_vector_spacing << 0x5))), function at exception vector 26 too large)

.vector_27      0x000000009fc01560        0x8
 *(.vector_27)
 .vector_27     0x000000009fc01560        0x8 c:/program files/microchip/xc32/v4.10/bin/bin/../../lib/gcc/pic32mx/8.3.1/../../../../pic32mx/lib\libpic32.a(vector27.o)
                0x000000009fc01560                __vector_dispatch_27
                0x0000000000000001                ASSERT (((_vector_spacing == 0x0) || (SIZEOF (.vector_27) <= (_vector_spacing << 0x5))), function at exception vector 27 too large)

.vector_28      0x000000009fc01580        0x8
 *(.vector_28)
 .vector_28     0x000000009fc01580        0x8 c:/program files/microchip/xc32/v4.10/bin/bin/../../lib/gcc/pic32mx/8.3.1/../../../../pic32mx/lib\libpic32.a(vector28.o)
                0x000000009fc01580                __vector_dispatch_28
                0x0000000000000001                ASSERT (((_vector_spacing == 0x0) || (SIZEOF (.vector_28) <= (_vector_spacing << 0x5))), function at exception vector 28 too large)

.vector_29      0x000000009fc015a0        0x8
 *(.vector_29)
 .vector_29     0x000000009fc015a0        0x8 c:/program files/microchip/xc32/v4.10/bin/bin/../../lib/gcc/pic32mx/8.3.1/../../../../pic32mx/lib\libpic32.a(vector29.o)
                0x000000009fc015a0                __vector_dispatch_29
                0x0000000000000001                ASSERT (((_vector_spacing == 0x0) || (SIZEOF (.vector_29) <= (_vector_spacing << 0x5))), function at exception vector 29 too large)

.vector_30      0x000000009fc015c0       0x10
 *(.vector_30)
 .vector_30     0x000000009fc015c0       0x10 build/default/production/_ext/1171490990/interrupts_a.o
                0x000000009fc015c0                __vector_dispatch_30
                0x0000000000000001                ASSERT (((_vector_spacing == 0x0) || (SIZEOF (.vector_30) <= (_vector_spacing << 0x5))), function at exception vector 30 too large)

.vector_31      0x000000009fc015e0        0x8
 *(.vector_31)
 .vector_31     0x000000009fc015e0        0x8 c:/program files/microchip/xc32/v4.10/bin/bin/../../lib/gcc/pic32mx/8.3.1/../../../../pic32mx/lib\libpic32.a(vector31.o)
                0x000000009fc015e0                __vector_dispatch_31
                0x0000000000000001                ASSERT (((_vector_spacing == 0x0) || (SIZEOF (.vector_31) <= (_vector_spacing << 0x5))), function at exception vector 31 too large)

.vector_32      0x000000009fc01600        0x8
 *(.vector_32)
 .vector_32     0x000000009fc01600        0x8 c:/program files/microchip/xc32/v4.10/bin/bin/../../lib/gcc/pic32mx/8.3.1/../../../../pic32mx/lib\libpic32.a(vector32.o)
                0x000000009fc01600                __vector_dispatch_32
                0x0000000000000001                ASSERT (((_vector_spacing == 0x0) || (SIZEOF (.vector_32) <= (_vector_spacing << 0x5))), function at exception vector 32 too large)

.vector_33      0x000000009fc01620        0x8
 *(.vector_33)
 .vector_33     0x000000009fc01620        0x8 c:/program files/microchip/xc32/v4.10/bin/bin/../../lib/gcc/pic32mx/8.3.1/../../../../pic32mx/lib\libpic32.a(vector33.o)
                0x000000009fc01620                __vector_dispatch_33
                0x0000000000000001                ASSERT (((_vector_spacing == 0x0) || (SIZEOF (.vector_33) <= (_vector_spacing << 0x5))), function at exception vector 33 too large)

.vector_34      0x000000009fc01640        0x8
 *(.vector_34)
 .vector_34     0x000000009fc01640        0x8 c:/program files/microchip/xc32/v4.10/bin/bin/../../lib/gcc/pic32mx/8.3.1/../../../../pic32mx/lib\libpic32.a(vector34.o)
                0x000000009fc01640                __vector_dispatch_34
                0x0000000000000001                ASSERT (((_vector_spacing == 0x0) || (SIZEOF (.vector_34) <= (_vector_spacing << 0x5))), function at exception vector 34 too large)

.vector_35      0x000000009fc01660       0x10
 *(.vector_35)
 .vector_35     0x000000009fc01660       0x10 build/default/production/_ext/1171490990/interrupts_a.o
                0x000000009fc01660                __vector_dispatch_35
                0x0000000000000001                ASSERT (((_vector_spacing == 0x0) || (SIZEOF (.vector_35) <= (_vector_spacing << 0x5))), function at exception vector 35 too large)

.vector_36      0x000000009fc01680        0x8
 *(.vector_36)
 .vector_36     0x000000009fc01680        0x8 c:/program files/microchip/xc32/v4.10/bin/bin/../../lib/gcc/pic32mx/8.3.1/../../../../pic32mx/lib\libpic32.a(vector36.o)
                0x000000009fc01680                __vector_dispatch_36
                0x0000000000000001                ASSERT (((_vector_spacing == 0x0) || (SIZEOF (.vector_36) <= (_vector_spacing << 0x5))), function at exception vector 36 too large)

.vector_37      0x000000009fc016a0        0x8
 *(.vector_37)
 .vector_37     0x000000009fc016a0        0x8 c:/program files/microchip/xc32/v4.10/bin/bin/../../lib/gcc/pic32mx/8.3.1/../../../../pic32mx/lib\libpic32.a(vector37.o)
                0x000000009fc016a0                __vector_dispatch_37
                0x0000000000000001                ASSERT (((_vector_spacing == 0x0) || (SIZEOF (.vector_37) <= (_vector_spacing << 0x5))), function at exception vector 37 too large)

.vector_38      0x000000009fc016c0        0x8
 *(.vector_38)
 .vector_38     0x000000009fc016c0        0x8 c:/program files/microchip/xc32/v4.10/bin/bin/../../lib/gcc/pic32mx/8.3.1/../../../../pic32mx/lib\libpic32.a(vector38.o)
                0x000000009fc016c0                __vector_dispatch_38
                0x0000000000000001                ASSERT (((_vector_spacing == 0x0) || (SIZEOF (.vector_38) <= (_vector_spacing << 0x5))), function at exception vector 38 too large)

.vector_39      0x000000009fc016e0        0x8
 *(.vector_39)
 .vector_39     0x000000009fc016e0        0x8 c:/program files/microchip/xc32/v4.10/bin/bin/../../lib/gcc/pic32mx/8.3.1/../../../../pic32mx/lib\libpic32.a(vector39.o)
                0x000000009fc016e0                __vector_dispatch_39
                0x0000000000000001                ASSERT (((_vector_spacing == 0x0) || (SIZEOF (.vector_39) <= (_vector_spacing << 0x5))), function at exception vector 39 too large)

.vector_40      0x000000009fc01700        0x8
 *(.vector_40)
 .vector_40     0x000000009fc01700        0x8 c:/program files/microchip/xc32/v4.10/bin/bin/../../lib/gcc/pic32mx/8.3.1/../../../../pic32mx/lib\libpic32.a(vector40.o)
                0x000000009fc01700                __vector_dispatch_40
                0x0000000000000001                ASSERT (((_vector_spacing == 0x0) || (SIZEOF (.vector_40) <= (_vector_spacing << 0x5))), function at exception vector 40 too large)

.vector_41      0x000000009fc01720        0x8
 *(.vector_41)
 .vector_41     0x000000009fc01720        0x8 c:/program files/microchip/xc32/v4.10/bin/bin/../../lib/gcc/pic32mx/8.3.1/../../../../pic32mx/lib\libpic32.a(vector41.o)
                0x000000009fc01720                __vector_dispatch_41
                0x0000000000000001                ASSERT (((_vector_spacing == 0x0) || (SIZEOF (.vector_41) <= (_vector_spacing << 0x5))), function at exception vector 41 too large)

.vector_42      0x000000009fc01740        0x8
 *(.vector_42)
 .vector_42     0x000000009fc01740        0x8 c:/program files/microchip/xc32/v4.10/bin/bin/../../lib/gcc/pic32mx/8.3.1/../../../../pic32mx/lib\libpic32.a(vector42.o)
                0x000000009fc01740                __vector_dispatch_42
                0x0000000000000001                ASSERT (((_vector_spacing == 0x0) || (SIZEOF (.vector_42) <= (_vector_spacing << 0x5))), function at exception vector 42 too large)

.vector_43      0x000000009fc01760        0x8
 *(.vector_43)
 .vector_43     0x000000009fc01760        0x8 c:/program files/microchip/xc32/v4.10/bin/bin/../../lib/gcc/pic32mx/8.3.1/../../../../pic32mx/lib\libpic32.a(vector43.o)
                0x000000009fc01760                __vector_dispatch_43
                0x0000000000000001                ASSERT (((_vector_spacing == 0x0) || (SIZEOF (.vector_43) <= (_vector_spacing << 0x5))), function at exception vector 43 too large)

.vector_44      0x000000009fc01780        0x8
 *(.vector_44)
 .vector_44     0x000000009fc01780        0x8 c:/program files/microchip/xc32/v4.10/bin/bin/../../lib/gcc/pic32mx/8.3.1/../../../../pic32mx/lib\libpic32.a(vector44.o)
                0x000000009fc01780                __vector_dispatch_44
                0x0000000000000001                ASSERT (((_vector_spacing == 0x0) || (SIZEOF (.vector_44) <= (_vector_spacing << 0x5))), function at exception vector 44 too large)

.vector_45      0x000000009fc017a0        0x8
 *(.vector_45)
 .vector_45     0x000000009fc017a0        0x8 c:/program files/microchip/xc32/v4.10/bin/bin/../../lib/gcc/pic32mx/8.3.1/../../../../pic32mx/lib\libpic32.a(vector45.o)
                0x000000009fc017a0                __vector_dispatch_45
                0x0000000000000001                ASSERT (((_vector_spacing == 0x0) || (SIZEOF (.vector_45) <= (_vector_spacing << 0x5))), function at exception vector 45 too large)

.vector_46      0x000000009fc017c0        0x0
 *(.vector_46)
                0x0000000000000001                ASSERT (((_vector_spacing == 0x0) || (SIZEOF (.vector_46) <= (_vector_spacing << 0x5))), function at exception vector 46 too large)

.vector_47      0x000000009fc017e0        0x0
 *(.vector_47)
                0x0000000000000001                ASSERT (((_vector_spacing == 0x0) || (SIZEOF (.vector_47) <= (_vector_spacing << 0x5))), function at exception vector 47 too large)

.vector_48      0x000000009fc01800        0x0
 *(.vector_48)
                0x0000000000000001                ASSERT (((_vector_spacing == 0x0) || (SIZEOF (.vector_48) <= (_vector_spacing << 0x5))), function at exception vector 48 too large)

.vector_49      0x000000009fc01820        0x0
 *(.vector_49)
                0x0000000000000001                ASSERT (((_vector_spacing == 0x0) || (SIZEOF (.vector_49) <= (_vector_spacing << 0x5))), function at exception vector 49 too large)

.vector_50      0x000000009fc01840        0x0
 *(.vector_50)
                0x0000000000000001                ASSERT (((_vector_spacing == 0x0) || (SIZEOF (.vector_50) <= (_vector_spacing << 0x5))), function at exception vector 50 too large)

.vector_51      0x000000009fc01860        0x0
 *(.vector_51)
                0x0000000000000001                ASSERT (((_vector_spacing == 0x0) || (SIZEOF (.vector_51) <= (_vector_spacing << 0x5))), function at exception vector 51 too large)

.vector_52      0x000000009fc01880        0x0
 *(.vector_52)
                0x0000000000000001                ASSERT (((_vector_spacing == 0x0) || (SIZEOF (.vector_52) <= (_vector_spacing << 0x5))), function at exception vector 52 too large)

.vector_53      0x000000009fc018a0        0x0
 *(.vector_53)
                0x0000000000000001                ASSERT (((_vector_spacing == 0x0) || (SIZEOF (.vector_53) <= (_vector_spacing << 0x5))), function at exception vector 53 too large)

.vector_54      0x000000009fc018c0        0x0
 *(.vector_54)
                0x0000000000000001                ASSERT (((_vector_spacing == 0x0) || (SIZEOF (.vector_54) <= (_vector_spacing << 0x5))), function at exception vector 54 too large)

.vector_55      0x000000009fc018e0        0x0
 *(.vector_55)
                0x0000000000000001                ASSERT (((_vector_spacing == 0x0) || (SIZEOF (.vector_55) <= (_vector_spacing << 0x5))), function at exception vector 55 too large)

.vector_56      0x000000009fc01900        0x0
 *(.vector_56)
                0x0000000000000001                ASSERT (((_vector_spacing == 0x0) || (SIZEOF (.vector_56) <= (_vector_spacing << 0x5))), function at exception vector 56 too large)

.vector_57      0x000000009fc01920        0x0
 *(.vector_57)
                0x0000000000000001                ASSERT (((_vector_spacing == 0x0) || (SIZEOF (.vector_57) <= (_vector_spacing << 0x5))), function at exception vector 57 too large)

.vector_58      0x000000009fc01940        0x0
 *(.vector_58)
                0x0000000000000001                ASSERT (((_vector_spacing == 0x0) || (SIZEOF (.vector_58) <= (_vector_spacing << 0x5))), function at exception vector 58 too large)

.vector_59      0x000000009fc01960        0x0
 *(.vector_59)
                0x0000000000000001                ASSERT (((_vector_spacing == 0x0) || (SIZEOF (.vector_59) <= (_vector_spacing << 0x5))), function at exception vector 59 too large)

.vector_60      0x000000009fc01980        0x0
 *(.vector_60)
                0x0000000000000001                ASSERT (((_vector_spacing == 0x0) || (SIZEOF (.vector_60) <= (_vector_spacing << 0x5))), function at exception vector 60 too large)

.vector_61      0x000000009fc019a0        0x0
 *(.vector_61)
                0x0000000000000001                ASSERT (((_vector_spacing == 0x0) || (SIZEOF (.vector_61) <= (_vector_spacing << 0x5))), function at exception vector 61 too large)

.vector_62      0x000000009fc019c0        0x0
 *(.vector_62)
                0x0000000000000001                ASSERT (((_vector_spacing == 0x0) || (SIZEOF (.vector_62) <= (_vector_spacing << 0x5))), function at exception vector 62 too large)

.vector_63      0x000000009fc019e0        0x0
 *(.vector_63)
                0x0000000000000001                ASSERT (((_vector_spacing == 0x0) || (SIZEOF (.vector_63) <= (_vector_spacing << 0x5))), function at exception vector 63 too large)

.startup
 *(.startup)

.text           0x000000009d000000        0x0
 *(.stub .gnu.linkonce.t.*)
 *(.text.*personality*)
 *(.mips16.fn.*)
 *(.mips16.call.*)
 *(.gnu.warning)
                0x000000009d000000                . = ALIGN (0x4)

.init           0x000000009d000000        0x0
 *crti.o(.init)
 *crtbegin.o(.init)
 *(EXCLUDE_FILE(*crtn.o *crtend?.o *crtend.o) .init)
 *crtend.o(.init)
 *crtn.o(.init)
                0x000000009d000000                . = ALIGN (0x4)

.fini           0x000000009d000000        0x0
 *(.fini)
                0x000000009d000000                . = ALIGN (0x4)

.preinit_array  0x000000009d000000        0x0
                [!provide]                        PROVIDE (__preinit_array_start = .)
 *(.preinit_array)
                [!provide]                        PROVIDE (__preinit_array_end = .)
                0x000000009d000000                . = ALIGN (0x4)

.init_array     0x000000009d000000        0x0
                [!provide]                        PROVIDE (__init_array_start = .)
 *(SORT_BY_NAME(.init_array.*))
 *(.init_array)
                [!provide]                        PROVIDE (__init_array_end = .)
                0x000000009d000000                . = ALIGN (0x4)

.fini_array     0x000000009d000000        0x0
                [!provide]                        PROVIDE (__fini_array_start = .)
 *(SORT_BY_NAME(.fini_array.*))
 *(.fini_array)
                [!provide]                        PROVIDE (__fini_array_end = .)
                0x000000009d000000                . = ALIGN (0x4)

.ctors          0x000000009d000000        0x0
 *crtbegin.o(.ctors)
 *crtbegin?.o(.ctors)
 *(EXCLUDE_FILE(*crtend?.o *crtend.o) .ctors)
 *(SORT_BY_NAME(.ctors.*))
 *(.ctors)
                0x000000009d000000                . = ALIGN (0x4)

.dtors          0x000000009d000000        0x0
 *crtbegin.o(.dtors)
 *crtbegin?.o(.dtors)
 *(EXCLUDE_FILE(*crtend?.o *crtend.o) .dtors)
 *(SORT_BY_NAME(.dtors.*))
 *(.dtors)
                0x000000009d000000                . = ALIGN (0x4)

.rodata         0x000000009d000000        0x0
 *(.gnu.linkonce.r.*)
 *(.rodata1)
                0x000000009d000000                . = ALIGN (0x4)

.sdata2         0x000000009d000000        0x0
 *(.sdata2 .sdata2.* .gnu.linkonce.s2.*)
                0x000000009d000000                . = ALIGN (0x4)

.sbss2          0x000000009d000000        0x0
 *(.sbss2 .sbss2.* .gnu.linkonce.sb2.*)
                0x000000009d000000                . = ALIGN (0x4)

.eh_frame_hdr
 *(.eh_frame_hdr)
                0x000000009d000000                . = ALIGN (0x4)

.eh_frame
 *(.eh_frame)
                0x000000009d000000                . = ALIGN (0x4)

.gcc_except_table
 *(.gcc_except_table .gcc_except_table.*)
                0x000000009d000000                . = ALIGN (0x4)

.dbg_data       0x00000000a0000000        0x0
                0x00000000a0000000                . = (. + DEFINED (_DEBUGGER)?0x200:0x0)

.jcr            0x00000000a0000000        0x0
 *(.jcr)
                0x00000000a0000000                . = ALIGN (0x4)

.eh_frame
 *(.eh_frame)
                0x00000000a0000000                . = ALIGN (0x4)

.gcc_except_table
 *(.gcc_except_table .gcc_except_table.*)
                0x00000000a0000000                . = ALIGN (0x4)

.persist        0x00000000a0000000        0x0
                0x00000000a0000000                _persist_begin = .
 *(.persist .persist.*)
                0x00000000a0000000                . = ALIGN (0x4)
                0x00000000a0000000                _persist_end = .

.data           0x00000000a0000000        0x0
 *(.gnu.linkonce.d.*)
 *(.data1)
                0x00000000a0000000                . = ALIGN (0x4)
                0x00000000a0000000                . = .
                0x00000000a0007ff0                _gp = (ALIGN (0x10) + 0x7ff0)

.got            0x00000000a0000000        0x0
 *(.got.plt)
 *(.got)
                0x00000000a0000000                . = ALIGN (0x4)

.sdata          0x00000000a0000000        0x4
                0x00000000a0000000                _sdata_begin = .
 *(.sdata .sdata.* .gnu.linkonce.s.*)
 .sdata         0x00000000a0000000        0x4 build/default/production/_ext/951553248/port.o
                0x00000000a0000000                uxInterruptNesting
                0x00000000a0000004                . = ALIGN (0x4)
                0x00000000a0000004                _sdata_end = .

.lit8
 *(.lit8)

.lit4
 *(.lit4)
                0x00000000a0000004                . = ALIGN (0x4)
                0x00000000a0000004                _data_end = .
                0x00000000a0000004                _bss_begin = .

.sbss           0x00000000a0000004       0x5c
                0x00000000a0000004                _sbss_begin = .
 *(.dynsbss)
 *(.sbss .sbss.* .gnu.linkonce.sb.*)
 .sbss          0x00000000a0000004        0x8 build/default/production/_ext/1665200909/heap_1.o
 .sbss          0x00000000a000000c        0x4 build/default/production/_ext/951553248/port.o
                0x00000000a000000c                uxSavedTaskStackPointer
 .sbss          0x00000000a0000010       0x3c build/default/production/_ext/404212886/FreeRTOS_tasks.o
                0x00000000a0000048                pxCurrentTCB
 .sbss          0x00000000a000004c        0x4 build/default/production/_ext/1360937237/main.o
                0x00000000a000004c                adc
 .sbss          0x00000000a0000050        0xc build/default/production/_ext/1360937237/task1_ADC_cmd.o
                0x00000000a0000050                isTransferDone
                0x00000000a0000054                spiMutex
                0x00000000a0000058                task1Data
 .sbss          0x00000000a000005c        0x4 build/default/production/_ext/1360937237/tasks.o
                0x00000000a000005c                xTASK1_Tasks
 *(.scommon)
                0x00000000a0000060                _sbss_end = .
                0x00000000a0000060                . = ALIGN (0x4)

.bss            0x00000000a0000060        0x0
 *(.dynbss)
 *(COMMON)
                0x00000000a0000060                . = ALIGN ((. != 0x0)?0x4:0x1)
                0x00000000a0000060                . = ALIGN (0x4)
                0x00000000a0000060                _end = .
                0x00000000a0000060                _bss_end = .
                0x0000000000020000                _bmxdudba_address = LENGTH (kseg1_data_mem)
                0x0000000000020000                _bmxdupba_address = LENGTH (kseg1_data_mem)

/DISCARD/
 *(.pdr)
 *(.rel.dyn)
 *(.note.GNU-stack)
 *(.note.GNU-stack)
 *(.gnu_debuglink)
 *(.gnu.lto_*)
 *(.discard)

.gptab.sdata
 *(.gptab.data)
 *(.gptab.sdata)

.gptab.sbss
 *(.gptab.bss)
 *(.gptab.sbss)

.mdebug.abi32   0x0000000000000000        0x0
 *(.mdebug.abi32)
 .mdebug.abi32  0x0000000000000000        0x0 build/default/production/_ext/60165520/plib_clk.o
 .mdebug.abi32  0x0000000000000000        0x0 build/default/production/_ext/1865200349/plib_evic.o
 .mdebug.abi32  0x0000000000000000        0x0 build/default/production/_ext/1865254177/plib_gpio.o
 .mdebug.abi32  0x0000000000000000        0x0 build/default/production/_ext/298189674/plib_spi1_master.o
 .mdebug.abi32  0x0000000000000000        0x0 build/default/production/_ext/298189674/plib_spi2_master.o
 .mdebug.abi32  0x0000000000000000        0x0 build/default/production/_ext/163028504/xc32_monitor.o
 .mdebug.abi32  0x0000000000000000        0x0 build/default/production/_ext/1171490990/initialization.o
 .mdebug.abi32  0x0000000000000000        0x0 build/default/production/_ext/1171490990/interrupts.o
 .mdebug.abi32  0x0000000000000000        0x0 build/default/production/_ext/1171490990/exceptions.o
 .mdebug.abi32  0x0000000000000000        0x0 build/default/production/_ext/1171490990/freertos_hooks.o
 .mdebug.abi32  0x0000000000000000        0x0 build/default/production/_ext/1665200909/heap_1.o
 .mdebug.abi32  0x0000000000000000        0x0 build/default/production/_ext/951553248/port.o
 .mdebug.abi32  0x0000000000000000        0x0 build/default/production/_ext/404212886/croutine.o
 .mdebug.abi32  0x0000000000000000        0x0 build/default/production/_ext/404212886/list.o
 .mdebug.abi32  0x0000000000000000        0x0 build/default/production/_ext/404212886/queue.o
 .mdebug.abi32  0x0000000000000000        0x0 build/default/production/_ext/404212886/FreeRTOS_tasks.o
 .mdebug.abi32  0x0000000000000000        0x0 build/default/production/_ext/404212886/timers.o
 .mdebug.abi32  0x0000000000000000        0x0 build/default/production/_ext/404212886/event_groups.o
 .mdebug.abi32  0x0000000000000000        0x0 build/default/production/_ext/404212886/stream_buffer.o
 .mdebug.abi32  0x0000000000000000        0x0 build/default/production/_ext/1360937237/main.o
 .mdebug.abi32  0x0000000000000000        0x0 build/default/production/_ext/1360937237/task1_ADC_cmd.o
 .mdebug.abi32  0x0000000000000000        0x0 build/default/production/_ext/1360937237/tasks.o
 .mdebug.abi32  0x0000000000000000        0x0 c:/program files/microchip/xc32/v4.10/bin/bin/../../lib/gcc/pic32mx/8.3.1/../../../../pic32mx/lib\libpic32.a(default-on-reset.o)
 .mdebug.abi32  0x0000000000000000        0x0 c:/program files/microchip/xc32/v4.10/bin/bin/../../lib/gcc/pic32mx/8.3.1/../../../../pic32mx/lib\libpic32.a(default-on-bootstrap.o)
 .mdebug.abi32  0x0000000000000000        0x0 c:/program files/microchip/xc32/v4.10/bin/bin/../../lib/gcc/pic32mx/8.3.1/../../../../pic32mx/lib\libpic32.a(defaultinterrupt.o)

.mdebug.abiN32
 *(.mdebug.abiN32)

.mdebug.abi64
 *(.mdebug.abi64)

.mdebug.abiO64
 *(.mdebug.abiO64)

.mdebug.eabi32
 *(.mdebug.eabi32)

.mdebug.eabi64
 *(.mdebug.eabi64)

.gcc_compiled_long32
 *(.gcc_compiled_long32)

.gcc_compiled_long64
 *(.gcc_compiled_long64)

.stab
 *(.stab)

.stabstr
 *(.stabstr)

.stab.excl
 *(.stab.excl)

.stab.exclstr
 *(.stab.exclstr)

.stab.index
 *(.stab.index)

.stab.indexstr
 *(.stab.indexstr)

.comment        0x0000000000000000       0x43
 *(.comment)
 .comment       0x0000000000000000       0x2b build/default/production/_ext/60165520/plib_clk.o
                                         0x2c (size before relaxing)
 .comment       0x000000000000002b       0x2c build/default/production/_ext/1865200349/plib_evic.o
 .comment       0x000000000000002b       0x2c build/default/production/_ext/1865254177/plib_gpio.o
 .comment       0x000000000000002b       0x2c build/default/production/_ext/298189674/plib_spi1_master.o
 .comment       0x000000000000002b       0x2c build/default/production/_ext/298189674/plib_spi2_master.o
 .comment       0x000000000000002b       0x2c build/default/production/_ext/163028504/xc32_monitor.o
 .comment       0x000000000000002b       0x2c build/default/production/_ext/1171490990/initialization.o
 .comment       0x000000000000002b       0x2c build/default/production/_ext/1171490990/interrupts.o
 .comment       0x000000000000002b       0x2c build/default/production/_ext/1171490990/exceptions.o
 .comment       0x000000000000002b       0x2c build/default/production/_ext/1171490990/freertos_hooks.o
 .comment       0x000000000000002b       0x2c build/default/production/_ext/1665200909/heap_1.o
 .comment       0x000000000000002b       0x2c build/default/production/_ext/951553248/port.o
 .comment       0x000000000000002b       0x2c build/default/production/_ext/404212886/croutine.o
 .comment       0x000000000000002b       0x2c build/default/production/_ext/404212886/list.o
 .comment       0x000000000000002b       0x2c build/default/production/_ext/404212886/queue.o
 .comment       0x000000000000002b       0x2c build/default/production/_ext/404212886/FreeRTOS_tasks.o
 .comment       0x000000000000002b       0x2c build/default/production/_ext/404212886/timers.o
 .comment       0x000000000000002b       0x2c build/default/production/_ext/404212886/event_groups.o
 .comment       0x000000000000002b       0x2c build/default/production/_ext/404212886/stream_buffer.o
 .comment       0x000000000000002b       0x2c build/default/production/_ext/1360937237/main.o
 .comment       0x000000000000002b       0x2c build/default/production/_ext/1360937237/task1_ADC_cmd.o
 .comment       0x000000000000002b       0x2c build/default/production/_ext/1360937237/tasks.o
 .comment       0x000000000000002b       0x18 c:/program files/microchip/xc32/v4.10/bin/bin/../../lib/gcc/pic32mx/8.3.1/../../../../pic32mx/lib\libpic32.a(memset.o)
                                         0x19 (size before relaxing)
 .comment       0x0000000000000043       0x2c c:/program files/microchip/xc32/v4.10/bin/bin/../../lib/gcc/pic32mx/8.3.1/../../../../pic32mx/lib\libpic32.a(default-on-reset.o)
 .comment       0x0000000000000043       0x2c c:/program files/microchip/xc32/v4.10/bin/bin/../../lib/gcc/pic32mx/8.3.1/../../../../pic32mx/lib\libpic32.a(default-on-bootstrap.o)
 .comment       0x0000000000000043       0x2c c:/program files/microchip/xc32/v4.10/bin/bin/../../lib/gcc/pic32mx/8.3.1/../../../../pic32mx/lib\libpic32.a(defaultinterrupt.o)

.debug
 *.elf(.debug)
 *(.debug)

.line
 *.elf(.line)
 *(.line)

.debug_srcinfo
 *.elf(.debug_srcinfo)
 *(.debug_srcinfo)

.debug_sfnames
 *.elf(.debug_sfnames)
 *(.debug_sfnames)

.debug_aranges  0x0000000000000000      0x818
 *.elf(.debug_aranges)
 *(.debug_aranges)
 .debug_aranges
                0x0000000000000000       0x20 build/default/production/_ext/60165520/plib_clk.o
 .debug_aranges
                0x0000000000000020       0x68 build/default/production/_ext/1865200349/plib_evic.o
 .debug_aranges
                0x0000000000000088       0x60 build/default/production/_ext/1865254177/plib_gpio.o
 .debug_aranges
                0x00000000000000e8       0x60 build/default/production/_ext/298189674/plib_spi1_master.o
 .debug_aranges
                0x0000000000000148       0x60 build/default/production/_ext/298189674/plib_spi2_master.o
 .debug_aranges
                0x00000000000001a8       0x28 build/default/production/_ext/163028504/xc32_monitor.o
 .debug_aranges
                0x00000000000001d0       0x20 build/default/production/_ext/1171490990/initialization.o
 .debug_aranges
                0x00000000000001f0       0x28 build/default/production/_ext/1171490990/interrupts.o
 .debug_aranges
                0x0000000000000218       0x28 build/default/production/_ext/1171490990/exceptions.o
 .debug_aranges
                0x0000000000000240       0x38 build/default/production/_ext/1171490990/interrupts_a.o
 .debug_aranges
                0x0000000000000278       0x40 build/default/production/_ext/1171490990/freertos_hooks.o
 .debug_aranges
                0x00000000000002b8       0x38 build/default/production/_ext/1665200909/heap_1.o
 .debug_aranges
                0x00000000000002f0       0x58 build/default/production/_ext/951553248/port.o
 .debug_aranges
                0x0000000000000348       0x20 build/default/production/_ext/951553248/port_asm.o
 .debug_aranges
                0x0000000000000368       0x18 build/default/production/_ext/404212886/croutine.o
 .debug_aranges
                0x0000000000000380       0x40 build/default/production/_ext/404212886/list.o
 .debug_aranges
                0x00000000000003c0       0xc8 build/default/production/_ext/404212886/queue.o
 .debug_aranges
                0x0000000000000488      0x188 build/default/production/_ext/404212886/FreeRTOS_tasks.o
 .debug_aranges
                0x0000000000000610       0x18 build/default/production/_ext/404212886/timers.o
 .debug_aranges
                0x0000000000000628       0x60 build/default/production/_ext/404212886/event_groups.o
 .debug_aranges
                0x0000000000000688       0xb8 build/default/production/_ext/404212886/stream_buffer.o
 .debug_aranges
                0x0000000000000740       0x20 build/default/production/_ext/1360937237/main.o
 .debug_aranges
                0x0000000000000760       0x30 build/default/production/_ext/1360937237/task1_ADC_cmd.o
 .debug_aranges
                0x0000000000000790       0x28 build/default/production/_ext/1360937237/tasks.o
 .debug_aranges
                0x00000000000007b8       0x20 c:/program files/microchip/xc32/v4.10/bin/bin/../../lib/gcc/pic32mx/8.3.1/../../../../pic32mx/lib\libpic32.a(default-on-reset.o)
 .debug_aranges
                0x00000000000007d8       0x20 c:/program files/microchip/xc32/v4.10/bin/bin/../../lib/gcc/pic32mx/8.3.1/../../../../pic32mx/lib\libpic32.a(default-on-bootstrap.o)
 .debug_aranges
                0x00000000000007f8       0x20 c:/program files/microchip/xc32/v4.10/bin/bin/../../lib/gcc/pic32mx/8.3.1/../../../../pic32mx/lib\libpic32.a(defaultinterrupt.o)

.debug_pubnames
 *.elf(.debug_pubnames)
 *(.debug_pubnames)

.debug_info     0x0000000000000000     0x9b5d
 *.elf(.debug_info .gnu.linkonce.wi.*)
 *(.debug_info .gnu.linkonce.wi.*)
 .debug_info    0x0000000000000000      0x3e9 build/default/production/_ext/60165520/plib_clk.o
 .debug_info    0x00000000000003e9      0x504 build/default/production/_ext/1865200349/plib_evic.o
 .debug_info    0x00000000000008ed      0x40c build/default/production/_ext/1865254177/plib_gpio.o
 .debug_info    0x0000000000000cf9      0x66c build/default/production/_ext/298189674/plib_spi1_master.o
 .debug_info    0x0000000000001365      0x66c build/default/production/_ext/298189674/plib_spi2_master.o
 .debug_info    0x00000000000019d1       0xe7 build/default/production/_ext/163028504/xc32_monitor.o
 .debug_info    0x0000000000001ab8      0x2e3 build/default/production/_ext/1171490990/initialization.o
 .debug_info    0x0000000000001d9b       0xee build/default/production/_ext/1171490990/interrupts.o
 .debug_info    0x0000000000001e89      0x13f build/default/production/_ext/1171490990/exceptions.o
 .debug_info    0x0000000000001fc8       0x22 build/default/production/_ext/1171490990/interrupts_a.o
 .debug_info    0x0000000000001fea      0x1f4 build/default/production/_ext/1171490990/freertos_hooks.o
 .debug_info    0x00000000000021de      0x218 build/default/production/_ext/1665200909/heap_1.o
 .debug_info    0x00000000000023f6      0xba9 build/default/production/_ext/951553248/port.o
 .debug_info    0x0000000000002f9f       0x26 build/default/production/_ext/951553248/port_asm.o
 .debug_info    0x0000000000002fc5       0x79 build/default/production/_ext/404212886/croutine.o
 .debug_info    0x000000000000303e      0x2f8 build/default/production/_ext/404212886/list.o
 .debug_info    0x0000000000003336     0x1adc build/default/production/_ext/404212886/queue.o
 .debug_info    0x0000000000004e12     0x265e build/default/production/_ext/404212886/FreeRTOS_tasks.o
 .debug_info    0x0000000000007470       0x79 build/default/production/_ext/404212886/timers.o
 .debug_info    0x00000000000074e9      0xab1 build/default/production/_ext/404212886/event_groups.o
 .debug_info    0x0000000000007f9a     0x148a build/default/production/_ext/404212886/stream_buffer.o
 .debug_info    0x0000000000009424      0x176 build/default/production/_ext/1360937237/main.o
 .debug_info    0x000000000000959a      0x36c build/default/production/_ext/1360937237/task1_ADC_cmd.o
 .debug_info    0x0000000000009906      0x199 build/default/production/_ext/1360937237/tasks.o
 .debug_info    0x0000000000009a9f       0x3f c:/program files/microchip/xc32/v4.10/bin/bin/../../lib/gcc/pic32mx/8.3.1/../../../../pic32mx/lib\libpic32.a(default-on-reset.o)
 .debug_info    0x0000000000009ade       0x3f c:/program files/microchip/xc32/v4.10/bin/bin/../../lib/gcc/pic32mx/8.3.1/../../../../pic32mx/lib\libpic32.a(default-on-bootstrap.o)
 .debug_info    0x0000000000009b1d       0x40 c:/program files/microchip/xc32/v4.10/bin/bin/../../lib/gcc/pic32mx/8.3.1/../../../../pic32mx/lib\libpic32.a(defaultinterrupt.o)

.debug_abbrev   0x0000000000000000     0x2099
 *.elf(.debug_abbrev)
 *(.debug_abbrev)
 .debug_abbrev  0x0000000000000000       0xd8 build/default/production/_ext/60165520/plib_clk.o
 .debug_abbrev  0x00000000000000d8      0x102 build/default/production/_ext/1865200349/plib_evic.o
 .debug_abbrev  0x00000000000001da       0xf9 build/default/production/_ext/1865254177/plib_gpio.o
 .debug_abbrev  0x00000000000002d3      0x25e build/default/production/_ext/298189674/plib_spi1_master.o
 .debug_abbrev  0x0000000000000531      0x25e build/default/production/_ext/298189674/plib_spi2_master.o
 .debug_abbrev  0x000000000000078f       0x9e build/default/production/_ext/163028504/xc32_monitor.o
 .debug_abbrev  0x000000000000082d      0x115 build/default/production/_ext/1171490990/initialization.o
 .debug_abbrev  0x0000000000000942       0x67 build/default/production/_ext/1171490990/interrupts.o
 .debug_abbrev  0x00000000000009a9       0x83 build/default/production/_ext/1171490990/exceptions.o
 .debug_abbrev  0x0000000000000a2c       0x12 build/default/production/_ext/1171490990/interrupts_a.o
 .debug_abbrev  0x0000000000000a3e      0x112 build/default/production/_ext/1171490990/freertos_hooks.o
 .debug_abbrev  0x0000000000000b50      0x177 build/default/production/_ext/1665200909/heap_1.o
 .debug_abbrev  0x0000000000000cc7      0x37e build/default/production/_ext/951553248/port.o
 .debug_abbrev  0x0000000000001045       0x14 build/default/production/_ext/951553248/port_asm.o
 .debug_abbrev  0x0000000000001059       0x26 build/default/production/_ext/404212886/croutine.o
 .debug_abbrev  0x000000000000107f      0x103 build/default/production/_ext/404212886/list.o
 .debug_abbrev  0x0000000000001182      0x2ab build/default/production/_ext/404212886/queue.o
 .debug_abbrev  0x000000000000142d      0x38a build/default/production/_ext/404212886/FreeRTOS_tasks.o
 .debug_abbrev  0x00000000000017b7       0x26 build/default/production/_ext/404212886/timers.o
 .debug_abbrev  0x00000000000017dd      0x216 build/default/production/_ext/404212886/event_groups.o
 .debug_abbrev  0x00000000000019f3      0x26a build/default/production/_ext/404212886/stream_buffer.o
 .debug_abbrev  0x0000000000001c5d      0x11f build/default/production/_ext/1360937237/main.o
 .debug_abbrev  0x0000000000001d7c      0x19d build/default/production/_ext/1360937237/task1_ADC_cmd.o
 .debug_abbrev  0x0000000000001f19       0xf3 build/default/production/_ext/1360937237/tasks.o
 .debug_abbrev  0x000000000000200c       0x2e c:/program files/microchip/xc32/v4.10/bin/bin/../../lib/gcc/pic32mx/8.3.1/../../../../pic32mx/lib\libpic32.a(default-on-reset.o)
 .debug_abbrev  0x000000000000203a       0x2e c:/program files/microchip/xc32/v4.10/bin/bin/../../lib/gcc/pic32mx/8.3.1/../../../../pic32mx/lib\libpic32.a(default-on-bootstrap.o)
 .debug_abbrev  0x0000000000002068       0x31 c:/program files/microchip/xc32/v4.10/bin/bin/../../lib/gcc/pic32mx/8.3.1/../../../../pic32mx/lib\libpic32.a(defaultinterrupt.o)

.debug_line     0x0000000000000000     0x6d15
 *.elf(.debug_line)
 *(.debug_line)
 .debug_line    0x0000000000000000      0x190 build/default/production/_ext/60165520/plib_clk.o
 .debug_line    0x0000000000000190      0x2e7 build/default/production/_ext/1865200349/plib_evic.o
 .debug_line    0x0000000000000477      0x2e6 build/default/production/_ext/1865254177/plib_gpio.o
 .debug_line    0x000000000000075d      0x8a0 build/default/production/_ext/298189674/plib_spi1_master.o
 .debug_line    0x0000000000000ffd      0x8a0 build/default/production/_ext/298189674/plib_spi2_master.o
 .debug_line    0x000000000000189d       0xf8 build/default/production/_ext/163028504/xc32_monitor.o
 .debug_line    0x0000000000001995      0x32c build/default/production/_ext/1171490990/initialization.o
 .debug_line    0x0000000000001cc1       0xa4 build/default/production/_ext/1171490990/interrupts.o
 .debug_line    0x0000000000001d65       0xbe build/default/production/_ext/1171490990/exceptions.o
 .debug_line    0x0000000000001e23       0x99 build/default/production/_ext/1171490990/interrupts_a.o
 .debug_line    0x0000000000001ebc      0x261 build/default/production/_ext/1171490990/freertos_hooks.o
 .debug_line    0x000000000000211d      0x254 build/default/production/_ext/1665200909/heap_1.o
 .debug_line    0x0000000000002371      0x396 build/default/production/_ext/951553248/port.o
 .debug_line    0x0000000000002707       0xfc build/default/production/_ext/951553248/port_asm.o
 .debug_line    0x0000000000002803       0x1d build/default/production/_ext/404212886/croutine.o
 .debug_line    0x0000000000002820      0x348 build/default/production/_ext/404212886/list.o
 .debug_line    0x0000000000002b68      0xf07 build/default/production/_ext/404212886/queue.o
 .debug_line    0x0000000000003a6f     0x1968 build/default/production/_ext/404212886/FreeRTOS_tasks.o
 .debug_line    0x00000000000053d7       0x1d build/default/production/_ext/404212886/timers.o
 .debug_line    0x00000000000053f4      0x66b build/default/production/_ext/404212886/event_groups.o
 .debug_line    0x0000000000005a5f      0xa7f build/default/production/_ext/404212886/stream_buffer.o
 .debug_line    0x00000000000064de      0x19f build/default/production/_ext/1360937237/main.o
 .debug_line    0x000000000000667d      0x358 build/default/production/_ext/1360937237/task1_ADC_cmd.o
 .debug_line    0x00000000000069d5      0x121 build/default/production/_ext/1360937237/tasks.o
 .debug_line    0x0000000000006af6       0xa8 c:/program files/microchip/xc32/v4.10/bin/bin/../../lib/gcc/pic32mx/8.3.1/../../../../pic32mx/lib\libpic32.a(default-on-reset.o)
 .debug_line    0x0000000000006b9e       0xac c:/program files/microchip/xc32/v4.10/bin/bin/../../lib/gcc/pic32mx/8.3.1/../../../../pic32mx/lib\libpic32.a(default-on-bootstrap.o)
 .debug_line    0x0000000000006c4a       0xcb c:/program files/microchip/xc32/v4.10/bin/bin/../../lib/gcc/pic32mx/8.3.1/../../../../pic32mx/lib\libpic32.a(defaultinterrupt.o)

.debug_frame    0x0000000000000000     0x1310
 *.elf(.debug_frame)
 *(.debug_frame)
 .debug_frame   0x0000000000000000       0x20 build/default/production/_ext/60165520/plib_clk.o
 .debug_frame   0x0000000000000020       0xd4 build/default/production/_ext/1865200349/plib_evic.o
 .debug_frame   0x00000000000000f4       0xa0 build/default/production/_ext/1865254177/plib_gpio.o
 .debug_frame   0x0000000000000194       0xc4 build/default/production/_ext/298189674/plib_spi1_master.o
 .debug_frame   0x0000000000000258       0xc4 build/default/production/_ext/298189674/plib_spi2_master.o
 .debug_frame   0x000000000000031c       0x30 build/default/production/_ext/163028504/xc32_monitor.o
 .debug_frame   0x000000000000034c       0x2c build/default/production/_ext/1171490990/initialization.o
 .debug_frame   0x0000000000000378       0x48 build/default/production/_ext/1171490990/interrupts.o
 .debug_frame   0x00000000000003c0       0x40 build/default/production/_ext/1171490990/exceptions.o
 .debug_frame   0x0000000000000400       0x7c build/default/production/_ext/1171490990/freertos_hooks.o
 .debug_frame   0x000000000000047c       0x60 build/default/production/_ext/1665200909/heap_1.o
 .debug_frame   0x00000000000004dc       0xf0 build/default/production/_ext/951553248/port.o
 .debug_frame   0x00000000000005cc       0x60 build/default/production/_ext/404212886/list.o
 .debug_frame   0x000000000000062c      0x2e8 build/default/production/_ext/404212886/queue.o
 .debug_frame   0x0000000000000914      0x51c build/default/production/_ext/404212886/FreeRTOS_tasks.o
 .debug_frame   0x0000000000000e30      0x134 build/default/production/_ext/404212886/event_groups.o
 .debug_frame   0x0000000000000f64      0x290 build/default/production/_ext/404212886/stream_buffer.o
 .debug_frame   0x00000000000011f4       0x28 build/default/production/_ext/1360937237/main.o
 .debug_frame   0x000000000000121c       0x50 build/default/production/_ext/1360937237/task1_ADC_cmd.o
 .debug_frame   0x000000000000126c       0x44 build/default/production/_ext/1360937237/tasks.o
 .debug_frame   0x00000000000012b0       0x20 c:/program files/microchip/xc32/v4.10/bin/bin/../../lib/gcc/pic32mx/8.3.1/../../../../pic32mx/lib\libpic32.a(default-on-reset.o)
 .debug_frame   0x00000000000012d0       0x20 c:/program files/microchip/xc32/v4.10/bin/bin/../../lib/gcc/pic32mx/8.3.1/../../../../pic32mx/lib\libpic32.a(default-on-bootstrap.o)
 .debug_frame   0x00000000000012f0       0x20 c:/program files/microchip/xc32/v4.10/bin/bin/../../lib/gcc/pic32mx/8.3.1/../../../../pic32mx/lib\libpic32.a(defaultinterrupt.o)

.debug_str      0x0000000000000000     0x88c1
 *.elf(.debug_str)
 *(.debug_str)
 .debug_str     0x0000000000000000      0x41e build/default/production/_ext/60165520/plib_clk.o
 .debug_str     0x000000000000041e      0xaa5 build/default/production/_ext/1865200349/plib_evic.o
 .debug_str     0x0000000000000ec3      0x484 build/default/production/_ext/1865254177/plib_gpio.o
 .debug_str     0x0000000000001347      0x6ba build/default/production/_ext/298189674/plib_spi1_master.o
 .debug_str     0x0000000000001a01      0x6ba build/default/production/_ext/298189674/plib_spi2_master.o
 .debug_str     0x00000000000020bb      0x294 build/default/production/_ext/163028504/xc32_monitor.o
 .debug_str     0x000000000000234f      0x3ef build/default/production/_ext/1171490990/initialization.o
 .debug_str     0x000000000000273e      0x324 build/default/production/_ext/1171490990/interrupts.o
 .debug_str     0x0000000000002a62      0x3c7 build/default/production/_ext/1171490990/exceptions.o
 .debug_str     0x0000000000002e29       0x6c build/default/production/_ext/1171490990/interrupts_a.o
 .debug_str     0x0000000000002e95      0x3c3 build/default/production/_ext/1171490990/freertos_hooks.o
 .debug_str     0x0000000000003258      0x3c2 build/default/production/_ext/1665200909/heap_1.o
 .debug_str     0x000000000000361a      0x75a build/default/production/_ext/951553248/port.o
 .debug_str     0x0000000000003d74       0x91 build/default/production/_ext/951553248/port_asm.o
 .debug_str     0x0000000000003e05      0x2e4 build/default/production/_ext/404212886/croutine.o
 .debug_str     0x00000000000040e9      0x423 build/default/production/_ext/404212886/list.o
 .debug_str     0x000000000000450c      0xab5 build/default/production/_ext/404212886/queue.o
 .debug_str     0x0000000000004fc1     0x106a build/default/production/_ext/404212886/FreeRTOS_tasks.o
 .debug_str     0x000000000000602b      0x2e2 build/default/production/_ext/404212886/timers.o
 .debug_str     0x000000000000630d      0x74e build/default/production/_ext/404212886/event_groups.o
 .debug_str     0x0000000000006a5b      0x99b build/default/production/_ext/404212886/stream_buffer.o
 .debug_str     0x00000000000073f6      0x301 build/default/production/_ext/1360937237/main.o
 .debug_str     0x00000000000076f7      0x45c build/default/production/_ext/1360937237/task1_ADC_cmd.o
 .debug_str     0x0000000000007b53      0x353 build/default/production/_ext/1360937237/tasks.o
 .debug_str     0x0000000000007ea6      0x353 c:/program files/microchip/xc32/v4.10/bin/bin/../../lib/gcc/pic32mx/8.3.1/../../../../pic32mx/lib\libpic32.a(default-on-reset.o)
 .debug_str     0x00000000000081f9      0x35b c:/program files/microchip/xc32/v4.10/bin/bin/../../lib/gcc/pic32mx/8.3.1/../../../../pic32mx/lib\libpic32.a(default-on-bootstrap.o)
 .debug_str     0x0000000000008554      0x36d c:/program files/microchip/xc32/v4.10/bin/bin/../../lib/gcc/pic32mx/8.3.1/../../../../pic32mx/lib\libpic32.a(defaultinterrupt.o)

.debug_loc      0x0000000000000000     0x6bff
 *.elf(.debug_loc)
 *(.debug_loc)
 .debug_loc     0x0000000000000000       0xef build/default/production/_ext/1865200349/plib_evic.o
 .debug_loc     0x00000000000000ef      0x172 build/default/production/_ext/1865254177/plib_gpio.o
 .debug_loc     0x0000000000000261      0x3f3 build/default/production/_ext/298189674/plib_spi1_master.o
 .debug_loc     0x0000000000000654      0x3f3 build/default/production/_ext/298189674/plib_spi2_master.o
 .debug_loc     0x0000000000000a47       0x25 build/default/production/_ext/1171490990/initialization.o
 .debug_loc     0x0000000000000a6c       0xb6 build/default/production/_ext/1171490990/freertos_hooks.o
 .debug_loc     0x0000000000000b22       0x61 build/default/production/_ext/1665200909/heap_1.o
 .debug_loc     0x0000000000000b83      0x13e build/default/production/_ext/951553248/port.o
 .debug_loc     0x0000000000000cc1       0x61 build/default/production/_ext/404212886/list.o
 .debug_loc     0x0000000000000d22     0x1826 build/default/production/_ext/404212886/queue.o
 .debug_loc     0x0000000000002548     0x2444 build/default/production/_ext/404212886/FreeRTOS_tasks.o
 .debug_loc     0x000000000000498c      0xc4f build/default/production/_ext/404212886/event_groups.o
 .debug_loc     0x00000000000055db     0x15ff build/default/production/_ext/404212886/stream_buffer.o
 .debug_loc     0x0000000000006bda       0x25 build/default/production/_ext/1360937237/tasks.o

.debug_macinfo
 *.elf(.debug_macinfo)
 *(.debug_macinfo)

.debug_weaknames
 *.elf(.debug_weaknames)
 *(.debug_weaknames)

.debug_funcnames
 *.elf(.debug_funcnames)
 *(.debug_funcnames)

.debug_typenames
 *.elf(.debug_typenames)
 *(.debug_typenames)

.debug_varnames
 *.elf(.debug_varnames)
 *(.debug_varnames)

.debug_pubtypes
 *.elf(.debug_pubtypes)
 *(.debug_pubtypes)

.debug_ranges   0x0000000000000000      0xb70
 *.elf(.debug_ranges)
 *(.debug_ranges)
 .debug_ranges  0x0000000000000000       0x10 build/default/production/_ext/60165520/plib_clk.o
 .debug_ranges  0x0000000000000010       0x58 build/default/production/_ext/1865200349/plib_evic.o
 .debug_ranges  0x0000000000000068       0x50 build/default/production/_ext/1865254177/plib_gpio.o
 .debug_ranges  0x00000000000000b8       0xe0 build/default/production/_ext/298189674/plib_spi1_master.o
 .debug_ranges  0x0000000000000198       0xe0 build/default/production/_ext/298189674/plib_spi2_master.o
 .debug_ranges  0x0000000000000278       0x18 build/default/production/_ext/163028504/xc32_monitor.o
 .debug_ranges  0x0000000000000290       0x10 build/default/production/_ext/1171490990/initialization.o
 .debug_ranges  0x00000000000002a0       0x18 build/default/production/_ext/1171490990/interrupts.o
 .debug_ranges  0x00000000000002b8       0x18 build/default/production/_ext/1171490990/exceptions.o
 .debug_ranges  0x00000000000002d0       0x30 build/default/production/_ext/1171490990/interrupts_a.o
 .debug_ranges  0x0000000000000300       0x30 build/default/production/_ext/1171490990/freertos_hooks.o
 .debug_ranges  0x0000000000000330       0x28 build/default/production/_ext/1665200909/heap_1.o
 .debug_ranges  0x0000000000000358       0x48 build/default/production/_ext/951553248/port.o
 .debug_ranges  0x00000000000003a0       0x30 build/default/production/_ext/404212886/list.o
 .debug_ranges  0x00000000000003d0      0x1c8 build/default/production/_ext/404212886/queue.o
 .debug_ranges  0x0000000000000598      0x3f8 build/default/production/_ext/404212886/FreeRTOS_tasks.o
 .debug_ranges  0x0000000000000990       0xa0 build/default/production/_ext/404212886/event_groups.o
 .debug_ranges  0x0000000000000a30       0xc8 build/default/production/_ext/404212886/stream_buffer.o
 .debug_ranges  0x0000000000000af8       0x10 build/default/production/_ext/1360937237/main.o
 .debug_ranges  0x0000000000000b08       0x20 build/default/production/_ext/1360937237/task1_ADC_cmd.o
 .debug_ranges  0x0000000000000b28       0x18 build/default/production/_ext/1360937237/tasks.o
 .debug_ranges  0x0000000000000b40       0x10 c:/program files/microchip/xc32/v4.10/bin/bin/../../lib/gcc/pic32mx/8.3.1/../../../../pic32mx/lib\libpic32.a(default-on-reset.o)
 .debug_ranges  0x0000000000000b50       0x10 c:/program files/microchip/xc32/v4.10/bin/bin/../../lib/gcc/pic32mx/8.3.1/../../../../pic32mx/lib\libpic32.a(default-on-bootstrap.o)
 .debug_ranges  0x0000000000000b60       0x10 c:/program files/microchip/xc32/v4.10/bin/bin/../../lib/gcc/pic32mx/8.3.1/../../../../pic32mx/lib\libpic32.a(defaultinterrupt.o)

.gnu.attributes
                0x0000000000000000       0x10
 *(.gnu.attributes)
 .gnu.attributes
                0x0000000000000000       0x10 c:/program files/microchip/xc32/v4.10/bin/bin/../../lib/gcc/pic32mx/8.3.1/../../../../pic32mx/lib\debug-exception-return.o
 .gnu.attributes
                0x0000000000000010       0x10 build/default/production/_ext/60165520/plib_clk.o
 .gnu.attributes
                0x0000000000000020       0x10 build/default/production/_ext/1865200349/plib_evic.o
 .gnu.attributes
                0x0000000000000030       0x10 build/default/production/_ext/1865254177/plib_gpio.o
 .gnu.attributes
                0x0000000000000040       0x10 build/default/production/_ext/298189674/plib_spi1_master.o
 .gnu.attributes
                0x0000000000000050       0x10 build/default/production/_ext/298189674/plib_spi2_master.o
 .gnu.attributes
                0x0000000000000060       0x10 build/default/production/_ext/163028504/xc32_monitor.o
 .gnu.attributes
                0x0000000000000070       0x10 build/default/production/_ext/1171490990/initialization.o
 .gnu.attributes
                0x0000000000000080       0x10 build/default/production/_ext/1171490990/interrupts.o
 .gnu.attributes
                0x0000000000000090       0x10 build/default/production/_ext/1171490990/exceptions.o
 .gnu.attributes
                0x00000000000000a0       0x10 build/default/production/_ext/1171490990/interrupts_a.o
 .gnu.attributes
                0x00000000000000b0       0x10 build/default/production/_ext/1171490990/freertos_hooks.o
 .gnu.attributes
                0x00000000000000c0       0x10 build/default/production/_ext/1665200909/heap_1.o
 .gnu.attributes
                0x00000000000000d0       0x10 build/default/production/_ext/951553248/port.o
 .gnu.attributes
                0x00000000000000e0       0x10 build/default/production/_ext/951553248/port_asm.o
 .gnu.attributes
                0x00000000000000f0       0x10 build/default/production/_ext/404212886/croutine.o
 .gnu.attributes
                0x0000000000000100       0x10 build/default/production/_ext/404212886/list.o
 .gnu.attributes
                0x0000000000000110       0x10 build/default/production/_ext/404212886/queue.o
 .gnu.attributes
                0x0000000000000120       0x10 build/default/production/_ext/404212886/FreeRTOS_tasks.o
 .gnu.attributes
                0x0000000000000130       0x10 build/default/production/_ext/404212886/timers.o
 .gnu.attributes
                0x0000000000000140       0x10 build/default/production/_ext/404212886/event_groups.o
 .gnu.attributes
                0x0000000000000150       0x10 build/default/production/_ext/404212886/stream_buffer.o
 .gnu.attributes
                0x0000000000000160       0x10 build/default/production/_ext/1360937237/main.o
 .gnu.attributes
                0x0000000000000170       0x10 build/default/production/_ext/1360937237/task1_ADC_cmd.o
 .gnu.attributes
                0x0000000000000180       0x10 build/default/production/_ext/1360937237/tasks.o
 .gnu.attributes
                0x0000000000000190       0x10 C:\Users\david\AppData\Local\Temp\ccu75MdC.o
 .gnu.attributes
                0x00000000000001a0       0x10 C:\Users\david\AppData\Local\Temp\ccbnv78a.o
 .gnu.attributes
                0x00000000000001b0       0x10 C:\Users\david\AppData\Local\Temp\ccILtUNX.o
 .gnu.attributes
                0x00000000000001c0       0x10 c:/program files/microchip/xc32/v4.10/bin/bin/../../lib/gcc/pic32mx/8.3.1/../../../../pic32mx/lib\pic32_software_reset.o
 .gnu.attributes
                0x00000000000001d0       0x10 c:/program files/microchip/xc32/v4.10/bin/bin/../../lib/gcc/pic32mx/8.3.1/../../../../pic32mx/lib\libpic32.a(memcpy.o)
 .gnu.attributes
                0x00000000000001e0       0x10 c:/program files/microchip/xc32/v4.10/bin/bin/../../lib/gcc/pic32mx/8.3.1/../../../../pic32mx/lib\libpic32.a(memset.o)
 .gnu.attributes
                0x00000000000001f0       0x10 c:/program files/microchip/xc32/v4.10/bin/bin/../../lib/gcc/pic32mx/8.3.1/../../../../pic32mx/lib\libpic32.a(default-on-reset.o)
 .gnu.attributes
                0x0000000000000200       0x10 c:/program files/microchip/xc32/v4.10/bin/bin/../../lib/gcc/pic32mx/8.3.1/../../../../pic32mx/lib\libpic32.a(default-on-bootstrap.o)
 .gnu.attributes
                0x0000000000000210       0x10 c:/program files/microchip/xc32/v4.10/bin/bin/../../lib/gcc/pic32mx/8.3.1/../../../../pic32mx/lib\libpic32.a(default-nmi-handler.o)
 .gnu.attributes
                0x0000000000000220       0x10 c:/program files/microchip/xc32/v4.10/bin/bin/../../lib/gcc/pic32mx/8.3.1/../../../../pic32mx/lib\libpic32.a(pic32_data_init.o)
 .gnu.attributes
                0x0000000000000230       0x10 c:/program files/microchip/xc32/v4.10/bin/bin/../../lib/gcc/pic32mx/8.3.1/../../../../pic32mx/lib\libpic32.a(general-exception.o)
 .gnu.attributes
                0x0000000000000240       0x10 c:/program files/microchip/xc32/v4.10/bin/bin/../../lib/gcc/pic32mx/8.3.1/../../../../pic32mx/lib\libpic32.a(vector0.o)
 .gnu.attributes
                0x0000000000000250       0x10 c:/program files/microchip/xc32/v4.10/bin/bin/../../lib/gcc/pic32mx/8.3.1/../../../../pic32mx/lib\libpic32.a(vector2.o)
 .gnu.attributes
                0x0000000000000260       0x10 c:/program files/microchip/xc32/v4.10/bin/bin/../../lib/gcc/pic32mx/8.3.1/../../../../pic32mx/lib\libpic32.a(vector3.o)
 .gnu.attributes
                0x0000000000000270       0x10 c:/program files/microchip/xc32/v4.10/bin/bin/../../lib/gcc/pic32mx/8.3.1/../../../../pic32mx/lib\libpic32.a(vector5.o)
 .gnu.attributes
                0x0000000000000280       0x10 c:/program files/microchip/xc32/v4.10/bin/bin/../../lib/gcc/pic32mx/8.3.1/../../../../pic32mx/lib\libpic32.a(vector6.o)
 .gnu.attributes
                0x0000000000000290       0x10 c:/program files/microchip/xc32/v4.10/bin/bin/../../lib/gcc/pic32mx/8.3.1/../../../../pic32mx/lib\libpic32.a(vector7.o)
 .gnu.attributes
                0x00000000000002a0       0x10 c:/program files/microchip/xc32/v4.10/bin/bin/../../lib/gcc/pic32mx/8.3.1/../../../../pic32mx/lib\libpic32.a(vector8.o)
 .gnu.attributes
                0x00000000000002b0       0x10 c:/program files/microchip/xc32/v4.10/bin/bin/../../lib/gcc/pic32mx/8.3.1/../../../../pic32mx/lib\libpic32.a(vector9.o)
 .gnu.attributes
                0x00000000000002c0       0x10 c:/program files/microchip/xc32/v4.10/bin/bin/../../lib/gcc/pic32mx/8.3.1/../../../../pic32mx/lib\libpic32.a(vector10.o)
 .gnu.attributes
                0x00000000000002d0       0x10 c:/program files/microchip/xc32/v4.10/bin/bin/../../lib/gcc/pic32mx/8.3.1/../../../../pic32mx/lib\libpic32.a(vector11.o)
 .gnu.attributes
                0x00000000000002e0       0x10 c:/program files/microchip/xc32/v4.10/bin/bin/../../lib/gcc/pic32mx/8.3.1/../../../../pic32mx/lib\libpic32.a(vector12.o)
 .gnu.attributes
                0x00000000000002f0       0x10 c:/program files/microchip/xc32/v4.10/bin/bin/../../lib/gcc/pic32mx/8.3.1/../../../../pic32mx/lib\libpic32.a(vector13.o)
 .gnu.attributes
                0x0000000000000300       0x10 c:/program files/microchip/xc32/v4.10/bin/bin/../../lib/gcc/pic32mx/8.3.1/../../../../pic32mx/lib\libpic32.a(vector14.o)
 .gnu.attributes
                0x0000000000000310       0x10 c:/program files/microchip/xc32/v4.10/bin/bin/../../lib/gcc/pic32mx/8.3.1/../../../../pic32mx/lib\libpic32.a(vector15.o)
 .gnu.attributes
                0x0000000000000320       0x10 c:/program files/microchip/xc32/v4.10/bin/bin/../../lib/gcc/pic32mx/8.3.1/../../../../pic32mx/lib\libpic32.a(vector16.o)
 .gnu.attributes
                0x0000000000000330       0x10 c:/program files/microchip/xc32/v4.10/bin/bin/../../lib/gcc/pic32mx/8.3.1/../../../../pic32mx/lib\libpic32.a(vector17.o)
 .gnu.attributes
                0x0000000000000340       0x10 c:/program files/microchip/xc32/v4.10/bin/bin/../../lib/gcc/pic32mx/8.3.1/../../../../pic32mx/lib\libpic32.a(vector18.o)
 .gnu.attributes
                0x0000000000000350       0x10 c:/program files/microchip/xc32/v4.10/bin/bin/../../lib/gcc/pic32mx/8.3.1/../../../../pic32mx/lib\libpic32.a(vector19.o)
 .gnu.attributes
                0x0000000000000360       0x10 c:/program files/microchip/xc32/v4.10/bin/bin/../../lib/gcc/pic32mx/8.3.1/../../../../pic32mx/lib\libpic32.a(vector20.o)
 .gnu.attributes
                0x0000000000000370       0x10 c:/program files/microchip/xc32/v4.10/bin/bin/../../lib/gcc/pic32mx/8.3.1/../../../../pic32mx/lib\libpic32.a(vector21.o)
 .gnu.attributes
                0x0000000000000380       0x10 c:/program files/microchip/xc32/v4.10/bin/bin/../../lib/gcc/pic32mx/8.3.1/../../../../pic32mx/lib\libpic32.a(vector22.o)
 .gnu.attributes
                0x0000000000000390       0x10 c:/program files/microchip/xc32/v4.10/bin/bin/../../lib/gcc/pic32mx/8.3.1/../../../../pic32mx/lib\libpic32.a(vector23.o)
 .gnu.attributes
                0x00000000000003a0       0x10 c:/program files/microchip/xc32/v4.10/bin/bin/../../lib/gcc/pic32mx/8.3.1/../../../../pic32mx/lib\libpic32.a(vector24.o)
 .gnu.attributes
                0x00000000000003b0       0x10 c:/program files/microchip/xc32/v4.10/bin/bin/../../lib/gcc/pic32mx/8.3.1/../../../../pic32mx/lib\libpic32.a(vector25.o)
 .gnu.attributes
                0x00000000000003c0       0x10 c:/program files/microchip/xc32/v4.10/bin/bin/../../lib/gcc/pic32mx/8.3.1/../../../../pic32mx/lib\libpic32.a(vector26.o)
 .gnu.attributes
                0x00000000000003d0       0x10 c:/program files/microchip/xc32/v4.10/bin/bin/../../lib/gcc/pic32mx/8.3.1/../../../../pic32mx/lib\libpic32.a(vector27.o)
 .gnu.attributes
                0x00000000000003e0       0x10 c:/program files/microchip/xc32/v4.10/bin/bin/../../lib/gcc/pic32mx/8.3.1/../../../../pic32mx/lib\libpic32.a(vector28.o)
 .gnu.attributes
                0x00000000000003f0       0x10 c:/program files/microchip/xc32/v4.10/bin/bin/../../lib/gcc/pic32mx/8.3.1/../../../../pic32mx/lib\libpic32.a(vector29.o)
 .gnu.attributes
                0x0000000000000400       0x10 c:/program files/microchip/xc32/v4.10/bin/bin/../../lib/gcc/pic32mx/8.3.1/../../../../pic32mx/lib\libpic32.a(vector31.o)
 .gnu.attributes
                0x0000000000000410       0x10 c:/program files/microchip/xc32/v4.10/bin/bin/../../lib/gcc/pic32mx/8.3.1/../../../../pic32mx/lib\libpic32.a(vector32.o)
 .gnu.attributes
                0x0000000000000420       0x10 c:/program files/microchip/xc32/v4.10/bin/bin/../../lib/gcc/pic32mx/8.3.1/../../../../pic32mx/lib\libpic32.a(vector33.o)
 .gnu.attributes
                0x0000000000000430       0x10 c:/program files/microchip/xc32/v4.10/bin/bin/../../lib/gcc/pic32mx/8.3.1/../../../../pic32mx/lib\libpic32.a(vector34.o)
 .gnu.attributes
                0x0000000000000440       0x10 c:/program files/microchip/xc32/v4.10/bin/bin/../../lib/gcc/pic32mx/8.3.1/../../../../pic32mx/lib\libpic32.a(vector36.o)
 .gnu.attributes
                0x0000000000000450       0x10 c:/program files/microchip/xc32/v4.10/bin/bin/../../lib/gcc/pic32mx/8.3.1/../../../../pic32mx/lib\libpic32.a(vector37.o)
 .gnu.attributes
                0x0000000000000460       0x10 c:/program files/microchip/xc32/v4.10/bin/bin/../../lib/gcc/pic32mx/8.3.1/../../../../pic32mx/lib\libpic32.a(vector38.o)
 .gnu.attributes
                0x0000000000000470       0x10 c:/program files/microchip/xc32/v4.10/bin/bin/../../lib/gcc/pic32mx/8.3.1/../../../../pic32mx/lib\libpic32.a(vector39.o)
 .gnu.attributes
                0x0000000000000480       0x10 c:/program files/microchip/xc32/v4.10/bin/bin/../../lib/gcc/pic32mx/8.3.1/../../../../pic32mx/lib\libpic32.a(vector40.o)
 .gnu.attributes
                0x0000000000000490       0x10 c:/program files/microchip/xc32/v4.10/bin/bin/../../lib/gcc/pic32mx/8.3.1/../../../../pic32mx/lib\libpic32.a(vector41.o)
 .gnu.attributes
                0x00000000000004a0       0x10 c:/program files/microchip/xc32/v4.10/bin/bin/../../lib/gcc/pic32mx/8.3.1/../../../../pic32mx/lib\libpic32.a(vector42.o)
 .gnu.attributes
                0x00000000000004b0       0x10 c:/program files/microchip/xc32/v4.10/bin/bin/../../lib/gcc/pic32mx/8.3.1/../../../../pic32mx/lib\libpic32.a(vector43.o)
 .gnu.attributes
                0x00000000000004c0       0x10 c:/program files/microchip/xc32/v4.10/bin/bin/../../lib/gcc/pic32mx/8.3.1/../../../../pic32mx/lib\libpic32.a(vector44.o)
 .gnu.attributes
                0x00000000000004d0       0x10 c:/program files/microchip/xc32/v4.10/bin/bin/../../lib/gcc/pic32mx/8.3.1/../../../../pic32mx/lib\libpic32.a(vector45.o)
 .gnu.attributes
                0x00000000000004e0       0x10 c:/program files/microchip/xc32/v4.10/bin/bin/../../lib/gcc/pic32mx/8.3.1/../../../../pic32mx/lib\libpic32.a(defaultinterrupt.o)
                0x0000000000000200                _min_heap_size = 0x200
LOAD C:\Users\david\AppData\Local\Temp\ccu75MdC.o
LOAD C:\Users\david\AppData\Local\Temp\ccbnv78a.o
LOAD C:\Users\david\AppData\Local\Temp\ccILtUNX.o
LOAD c:/program files/microchip/xc32/v4.10/bin/bin/../../lib/gcc/pic32mx/8.3.1/../../../../pic32mx/lib\pic32_software_reset.o
LOAD c:/program files/microchip/xc32/v4.10/bin/bin/../../lib/gcc/pic32mx/8.3.1\libgcc.a
START GROUP
LOAD c:/program files/microchip/xc32/v4.10/bin/bin/../../lib/gcc/pic32mx/8.3.1/../../../../pic32mx/lib\libpic32.a
LOAD c:/program files/microchip/xc32/v4.10/bin/bin/../../lib/gcc/pic32mx/8.3.1/../../../../pic32mx/lib\libdebug.a
LOAD c:/program files/microchip/xc32/v4.10/bin/bin/../../lib/gcc/pic32mx/8.3.1/../../../../pic32mx/lib\libc-musl.a
LOAD c:/program files/microchip/xc32/v4.10/bin/bin/../../lib/gcc/pic32mx/8.3.1/../../../../pic32mx/lib\libm.a
LOAD c:/program files/microchip/xc32/v4.10/bin/bin/../../lib/gcc/pic32mx/8.3.1/../../../../pic32mx/lib\libe.a
LOAD c:/program files/microchip/xc32/v4.10/bin/bin/../../lib/gcc/pic32mx/8.3.1/../../../../pic32mx/lib\libm-musl.a
LOAD c:/program files/microchip/xc32/v4.10/bin/bin/../../lib/gcc/pic32mx/8.3.1/../../../../pic32mx/lib\libdsp.a
LOAD c:/program files/microchip/xc32/v4.10/bin/bin/../../lib/gcc/pic32mx/8.3.1\libgcc.a
END GROUP
LOAD c:/program files/microchip/xc32/v4.10/bin/bin/../../lib/gcc/pic32mx/8.3.1\libgcc.a
OUTPUT(dist/default/production/test.X.production.elf elf32-tradlittlemips)
LOAD stack
LOAD data_init

.reginfo        0x0000000000000000       0x18
 .reginfo       0x0000000000000000       0x18 c:/program files/microchip/xc32/v4.10/bin/bin/../../lib/gcc/pic32mx/8.3.1/../../../../pic32mx/lib\debug-exception-return.o

.stack          0x00000000a00078f8      0x400
 .stack         0x00000000a00078f8      0x400 stack

.bss            0x00000000a0000060     0x7560
 .bss           0x00000000a0000060     0x6d60 build/default/production/_ext/1665200909/heap_1.o
 .bss           0x00000000a0006dc0      0x800 build/default/production/_ext/951553248/port.o
                0x00000000a0006dc0                xISRStack

.bss            0x00000000a00075c0       0xf0
 .bss           0x00000000a00075c0       0xc8 build/default/production/_ext/404212886/FreeRTOS_tasks.o
 .bss           0x00000000a0007688       0x28 build/default/production/_ext/298189674/plib_spi1_master.o
                0x00000000a0007688                spi1Obj

.bss            0x00000000a00076b0       0x28
 .bss           0x00000000a00076b0       0x28 build/default/production/_ext/298189674/plib_spi2_master.o
                0x00000000a00076b0                spi2Obj

.data           0x00000000a00076d8        0x4
 .data          0x00000000a00076d8        0x4 build/default/production/_ext/404212886/FreeRTOS_tasks.o
                0x00000000a00076d8                uxTopUsedPriority

._debug_exception
                0x00000000bfc00480       0x2c
 ._debug_exception
                0x00000000bfc00480       0x2c c:/program files/microchip/xc32/v4.10/bin/bin/../../lib/gcc/pic32mx/8.3.1/../../../../pic32mx/lib\debug-exception-return.o
                0x00000000bfc00480                __DbgExecReturn

.text.SPI_1_InterruptHandler
                0x000000009d000000      0x4c0
 .text.SPI_1_InterruptHandler
                0x000000009d000000      0x4c0 build/default/production/_ext/298189674/plib_spi1_master.o
                0x000000009d000000                SPI_1_InterruptHandler

.text.SPI_2_InterruptHandler
                0x000000009d0004c0      0x4c0
 .text.SPI_2_InterruptHandler
                0x000000009d0004c0      0x4c0 build/default/production/_ext/298189674/plib_spi2_master.o
                0x000000009d0004c0                SPI_2_InterruptHandler

.text           0x000000009d000980      0x454
 .text          0x000000009d000980      0x454 build/default/production/_ext/951553248/port_asm.o
                0x000000009d000980                vPortTickInterruptHandler
                0x000000009d000b2c                vPortStartFirstTask
                0x000000009d000bf4                vPortYieldISR

.text.xTaskCreate
                0x000000009d000dd4      0x328
 .text.xTaskCreate
                0x000000009d000dd4      0x328 build/default/production/_ext/404212886/FreeRTOS_tasks.o
                0x000000009d000dd4                xTaskCreate

.text.SPI1_WriteRead
                0x000000009d0010fc      0x310
 .text.SPI1_WriteRead
                0x000000009d0010fc      0x310 build/default/production/_ext/298189674/plib_spi1_master.o
                0x000000009d0010fc                SPI1_WriteRead

.text.xQueueSemaphoreTake
                0x000000009d00140c      0x26c
 .text.xQueueSemaphoreTake
                0x000000009d00140c      0x26c build/default/production/_ext/404212886/queue.o
                0x000000009d00140c                xQueueSemaphoreTake

.text.xTaskIncrementTick
                0x000000009d001678      0x228
 .text.xTaskIncrementTick
                0x000000009d001678      0x228 build/default/production/_ext/404212886/FreeRTOS_tasks.o
                0x000000009d001678                xTaskIncrementTick

.text.xQueueGenericSend
                0x000000009d0018a0      0x218
 .text.xQueueGenericSend
                0x000000009d0018a0      0x218 build/default/production/_ext/404212886/queue.o
                0x000000009d0018a0                xQueueGenericSend

.text.xTaskResumeAll
                0x000000009d001ab8      0x200
 .text.xTaskResumeAll
                0x000000009d001ab8      0x200 build/default/production/_ext/404212886/FreeRTOS_tasks.o
                0x000000009d001ab8                xTaskResumeAll

.SPI_1_Handler_vector_text
                0x000000009d001cb8      0x1b4
 .SPI_1_Handler_vector_text
                0x000000009d001cb8      0x1b4 build/default/production/_ext/1171490990/interrupts_a.o

.SPI_2_Handler_vector_text
                0x000000009d001e6c      0x1b4
 .SPI_2_Handler_vector_text
                0x000000009d001e6c      0x1b4 build/default/production/_ext/1171490990/interrupts_a.o

.text.xTaskPriorityInherit
                0x000000009d002020      0x16c
 .text.xTaskPriorityInherit
                0x000000009d002020      0x16c build/default/production/_ext/404212886/FreeRTOS_tasks.o
                0x000000009d002020                xTaskPriorityInherit

.text.xTaskRemoveFromEventList
                0x000000009d00218c      0x168
 .text.xTaskRemoveFromEventList
                0x000000009d00218c      0x168 build/default/production/_ext/404212886/FreeRTOS_tasks.o
                0x000000009d00218c                xTaskRemoveFromEventList

.text           0x000000009d0022f4      0x168
 .text          0x000000009d0022f4      0x168 c:/program files/microchip/xc32/v4.10/bin/bin/../../lib/gcc/pic32mx/8.3.1/../../../../pic32mx/lib\libpic32.a(memcpy.o)
                0x000000009d0022f4                memcpy

.text.vTaskPriorityDisinheritAfterTimeout
                0x000000009d00245c      0x140
 .text.vTaskPriorityDisinheritAfterTimeout
                0x000000009d00245c      0x140 build/default/production/_ext/404212886/FreeRTOS_tasks.o
                0x000000009d00245c                vTaskPriorityDisinheritAfterTimeout

.text.xTaskPriorityDisinherit
                0x000000009d00259c      0x128
 .text.xTaskPriorityDisinherit
                0x000000009d00259c      0x128 build/default/production/_ext/404212886/FreeRTOS_tasks.o
                0x000000009d00259c                xTaskPriorityDisinherit

.text.vTaskSwitchContext
                0x000000009d0026c4      0x124
 .text.vTaskSwitchContext
                0x000000009d0026c4      0x124 build/default/production/_ext/404212886/FreeRTOS_tasks.o
                0x000000009d0026c4                vTaskSwitchContext

.text.prvAddCurrentTaskToDelayedList
                0x000000009d0027e8      0x120
 .text.prvAddCurrentTaskToDelayedList
                0x000000009d0027e8      0x120 build/default/production/_ext/404212886/FreeRTOS_tasks.o

.text.prvUnlockQueue
                0x000000009d002908      0x104
 .text.prvUnlockQueue
                0x000000009d002908      0x104 build/default/production/_ext/404212886/queue.o

.text.xQueueGenericReset
                0x000000009d002a0c      0x100
 .text.xQueueGenericReset
                0x000000009d002a0c      0x100 build/default/production/_ext/404212886/queue.o
                0x000000009d002a0c                xQueueGenericReset

.text.prvCopyDataToQueue
                0x000000009d002b0c       0xfc
 .text.prvCopyDataToQueue
                0x000000009d002b0c       0xfc build/default/production/_ext/404212886/queue.o

.text.pvPortMalloc
                0x000000009d002c08       0xf4
 .text.pvPortMalloc
                0x000000009d002c08       0xf4 build/default/production/_ext/1665200909/heap_1.o
                0x000000009d002c08                pvPortMalloc

.text.TASK1_Tasks
                0x000000009d002cfc       0xdc
 .text.TASK1_Tasks
                0x000000009d002cfc       0xdc build/default/production/_ext/1360937237/task1_ADC_cmd.o
                0x000000009d002cfc                TASK1_Tasks

.text.general_exception
                0x000000009d002dd8       0xdc
 .text.general_exception
                0x000000009d002dd8       0xdc c:/program files/microchip/xc32/v4.10/bin/bin/../../lib/gcc/pic32mx/8.3.1/../../../../pic32mx/lib\libpic32.a(general-exception.o)
                0x000000009d002dd8                _general_exception_context

.dinit          0x000000009d002eb4       0xb0
 .dinit         0x000000009d002eb4       0xb0 data_init

.text.prvIdleTask
                0x000000009d002f64       0xa8
 .text.prvIdleTask
                0x000000009d002f64       0xa8 build/default/production/_ext/404212886/FreeRTOS_tasks.o

.text.xTaskCheckForTimeOut
                0x000000009d00300c       0xa8
 .text.xTaskCheckForTimeOut
                0x000000009d00300c       0xa8 build/default/production/_ext/404212886/FreeRTOS_tasks.o
                0x000000009d00300c                xTaskCheckForTimeOut

.text           0x000000009d0030b4       0xa8
 .text          0x000000009d0030b4       0xa8 c:/program files/microchip/xc32/v4.10/bin/bin/../../lib/gcc/pic32mx/8.3.1/../../../../pic32mx/lib\libpic32.a(memset.o)
                0x000000009d0030b4                memset

.text.GPIO_Initialize
                0x000000009d00315c       0x9c
 .text.GPIO_Initialize
                0x000000009d00315c       0x9c build/default/production/_ext/1865254177/plib_gpio.o
                0x000000009d00315c                GPIO_Initialize

.text.xQueueGenericCreate
                0x000000009d0031f8       0x9c
 .text.xQueueGenericCreate
                0x000000009d0031f8       0x9c build/default/production/_ext/404212886/queue.o
                0x000000009d0031f8                xQueueGenericCreate

.text.SYS_Initialize
                0x000000009d003294       0x90
 .text.SYS_Initialize
                0x000000009d003294       0x90 build/default/production/_ext/1171490990/initialization.o
                0x000000009d003294                SYS_Initialize

.text.SPI1_Initialize
                0x000000009d003324       0x8c
 .text.SPI1_Initialize
                0x000000009d003324       0x8c build/default/production/_ext/298189674/plib_spi1_master.o
                0x000000009d003324                SPI1_Initialize

.text           0x000000009d0033b0       0x8c
 .text          0x000000009d0033b0       0x8c c:/program files/microchip/xc32/v4.10/bin/bin/../../lib/gcc/pic32mx/8.3.1/../../../../pic32mx/lib\libpic32.a(pic32_data_init.o)
                0x000000009d0033b0                __pic32_data_init

.text.SPI2_Initialize
                0x000000009d00343c       0x88
 .text.SPI2_Initialize
                0x000000009d00343c       0x88 build/default/production/_ext/298189674/plib_spi2_master.o
                0x000000009d00343c                SPI2_Initialize

.text.vTaskStartScheduler
                0x000000009d0034c4       0x88
 .text.vTaskStartScheduler
                0x000000009d0034c4       0x88 build/default/production/_ext/404212886/FreeRTOS_tasks.o
                0x000000009d0034c4                vTaskStartScheduler

.text.CLK_Initialize
                0x000000009d00354c       0x6c
 .text.CLK_Initialize
                0x000000009d00354c       0x6c build/default/production/_ext/60165520/plib_clk.o
                0x000000009d00354c                CLK_Initialize

.text.vApplicationSetupTickTimerInterrupt
                0x000000009d0035b8       0x6c
 .text.vApplicationSetupTickTimerInterrupt
                0x000000009d0035b8       0x6c build/default/production/_ext/951553248/port.o
                0x000000009d0035b8                vApplicationSetupTickTimerInterrupt

.text.vTaskExitCritical
                0x000000009d003624       0x60
 .text.vTaskExitCritical
                0x000000009d003624       0x60 build/default/production/_ext/404212886/FreeRTOS_tasks.o
                0x000000009d003624                vTaskExitCritical

.text.xPortStartScheduler
                0x000000009d003684       0x5c
 .text.xPortStartScheduler
                0x000000009d003684       0x5c build/default/production/_ext/951553248/port.o
                0x000000009d003684                xPortStartScheduler

.text.vTaskDelay
                0x000000009d0036e0       0x5c
 .text.vTaskDelay
                0x000000009d0036e0       0x5c build/default/production/_ext/404212886/FreeRTOS_tasks.o
                0x000000009d0036e0                vTaskDelay

.text.vListInsert
                0x000000009d00373c       0x58
 .text.vListInsert
                0x000000009d00373c       0x58 build/default/production/_ext/404212886/list.o
                0x000000009d00373c                vListInsert

.text.xQueueCreateMutex
                0x000000009d003794       0x58
 .text.xQueueCreateMutex
                0x000000009d003794       0x58 build/default/production/_ext/404212886/queue.o
                0x000000009d003794                xQueueCreateMutex

.text.pxPortInitialiseStack
                0x000000009d0037ec       0x54
 .text.pxPortInitialiseStack
                0x000000009d0037ec       0x54 build/default/production/_ext/951553248/port.o
                0x000000009d0037ec                pxPortInitialiseStack

.text.vPortIncrementTick
                0x000000009d003840       0x54
 .text.vPortIncrementTick
                0x000000009d003840       0x54 build/default/production/_ext/951553248/port.o
                0x000000009d003840                vPortIncrementTick

.text.main_entry
                0x000000009d003894       0x54
 .text.main_entry
                0x000000009d003894       0x54 C:\Users\david\AppData\Local\Temp\ccu75MdC.o